Archive member included to satisfy reference by file (symbol)

/usr/lib/gcc/arm-none-eabi/4.9.3/armv7-m/libgcc.a(_arm_addsubdf3.o)
                              Build/Obj/Debug/uart_lpc1768.o (__aeabi_dsub)
/usr/lib/gcc/arm-none-eabi/4.9.3/armv7-m/libgcc.a(_arm_muldivdf3.o)
                              Build/Obj/Debug/epcf_string.o (__aeabi_dmul)
/usr/lib/gcc/arm-none-eabi/4.9.3/armv7-m/libgcc.a(_arm_cmpdf2.o)
                              Build/Obj/Debug/uart_lpc1768.o (__aeabi_dcmple)
/usr/lib/gcc/arm-none-eabi/4.9.3/armv7-m/libgcc.a(_arm_truncdfsf2.o)
                              Build/Obj/Debug/uart_lpc1768.o (__aeabi_d2f)
/usr/lib/gcc/arm-none-eabi/4.9.3/armv7-m/libgcc.a(_arm_addsubsf3.o)
                              Build/Obj/Debug/uart_lpc1768.o (__aeabi_fsub)
/usr/lib/gcc/arm-none-eabi/4.9.3/armv7-m/libgcc.a(_arm_muldivsf3.o)
                              Build/Obj/Debug/uart_lpc1768.o (__aeabi_fmul)
/usr/lib/gcc/arm-none-eabi/4.9.3/armv7-m/libgcc.a(_arm_cmpsf2.o)
                              Build/Obj/Debug/epcf_string.o (__aeabi_fcmpeq)
/usr/lib/gcc/arm-none-eabi/4.9.3/armv7-m/libgcc.a(_arm_fixsfsi.o)
                              Build/Obj/Debug/epcf_string.o (__aeabi_f2iz)
/usr/lib/gcc/arm-none-eabi/4.9.3/armv7-m/libgcc.a(_arm_fixunssfsi.o)
                              Build/Obj/Debug/uart_lpc1768.o (__aeabi_f2uiz)
/usr/lib/gcc/arm-none-eabi/4.9.3/../../../arm-none-eabi/lib/armv7-m/libc_nano.a(lib_a-malloc.o)
                              Build/Obj/Debug/sysClk_lpc1768.o (malloc)
/usr/lib/gcc/arm-none-eabi/4.9.3/../../../arm-none-eabi/lib/armv7-m/libc_nano.a(lib_a-nano-freer.o)
                              /usr/lib/gcc/arm-none-eabi/4.9.3/../../../arm-none-eabi/lib/armv7-m/libc_nano.a(lib_a-malloc.o) (_free_r)
/usr/lib/gcc/arm-none-eabi/4.9.3/../../../arm-none-eabi/lib/armv7-m/libc_nano.a(lib_a-nano-mallocr.o)
                              /usr/lib/gcc/arm-none-eabi/4.9.3/../../../arm-none-eabi/lib/armv7-m/libc_nano.a(lib_a-malloc.o) (_malloc_r)
/usr/lib/gcc/arm-none-eabi/4.9.3/../../../arm-none-eabi/lib/armv7-m/libc_nano.a(lib_a-sbrkr.o)
                              /usr/lib/gcc/arm-none-eabi/4.9.3/../../../arm-none-eabi/lib/armv7-m/libc_nano.a(lib_a-nano-mallocr.o) (_sbrk_r)
/usr/lib/gcc/arm-none-eabi/4.9.3/../../../arm-none-eabi/lib/armv7-m/libc_nano.a(lib_a-impure.o)
                              /usr/lib/gcc/arm-none-eabi/4.9.3/../../../arm-none-eabi/lib/armv7-m/libc_nano.a(lib_a-malloc.o) (_impure_ptr)
/usr/lib/gcc/arm-none-eabi/4.9.3/../../../arm-none-eabi/lib/armv7-m/libc_nano.a(lib_a-reent.o)
                              /usr/lib/gcc/arm-none-eabi/4.9.3/../../../arm-none-eabi/lib/armv7-m/libc_nano.a(lib_a-sbrkr.o) (errno)
/usr/lib/gcc/arm-none-eabi/4.9.3/../../../arm-none-eabi/lib/armv7-m/libnosys.a(sbrk.o)
                              /usr/lib/gcc/arm-none-eabi/4.9.3/../../../arm-none-eabi/lib/armv7-m/libc_nano.a(lib_a-sbrkr.o) (_sbrk)

Allocating common symbols
Common symbol       size              file

errno               0x4               /usr/lib/gcc/arm-none-eabi/4.9.3/../../../arm-none-eabi/lib/armv7-m/libc_nano.a(lib_a-reent.o)
Switch              0x4               Build/Obj/Debug/appConfig.o
myUART              0x4               Build/Obj/Debug/appConfig.o
myLED               0x4               Build/Obj/Debug/appConfig.o
myGpio              0x4               Build/Obj/Debug/appConfig.o
LED                 0x4               Build/Obj/Debug/appConfig.o
myClock             0x4               Build/Obj/Debug/appConfig.o

Memory Configuration

Name             Origin             Length             Attributes
FLASH            0x0000000000000000 0x0000000000080000 xrw
RAM1             0x0000000010000000 0x0000000000008000 xrw
RAM2             0x000000002007c000 0x0000000000008000 xrw
*default*        0x0000000000000000 0xffffffffffffffff

Linker script and memory map

LOAD Build/Obj/Debug/app.o
LOAD Build/Obj/Debug/appConfig.o
LOAD Build/Obj/Debug/sysClk.o
LOAD Build/Obj/Debug/pin_lpc1768.o
LOAD Build/Obj/Debug/vectors_lpc1768.o
LOAD Build/Obj/Debug/sysClk_lpc1768.o
LOAD Build/Obj/Debug/gpio_lpc1768.o
LOAD Build/Obj/Debug/gpio.o
LOAD Build/Obj/Debug/uart_lpc1768.o
LOAD Build/Obj/Debug/uart.o
LOAD Build/Obj/Debug/epcf_fifo.o
LOAD Build/Obj/Debug/epcf_string.o
START GROUP
LOAD /usr/lib/gcc/arm-none-eabi/4.9.3/armv7-m/libgcc.a
LOAD /usr/lib/gcc/arm-none-eabi/4.9.3/../../../arm-none-eabi/lib/armv7-m/libc_nano.a
END GROUP
START GROUP
LOAD /usr/lib/gcc/arm-none-eabi/4.9.3/armv7-m/libgcc.a
LOAD /usr/lib/gcc/arm-none-eabi/4.9.3/../../../arm-none-eabi/lib/armv7-m/libc_nano.a
LOAD /usr/lib/gcc/arm-none-eabi/4.9.3/../../../arm-none-eabi/lib/armv7-m/libnosys.a
END GROUP
START GROUP
LOAD /usr/lib/gcc/arm-none-eabi/4.9.3/armv7-m/libgcc.a
LOAD /usr/lib/gcc/arm-none-eabi/4.9.3/../../../arm-none-eabi/lib/armv7-m/libc_nano.a
LOAD /usr/lib/gcc/arm-none-eabi/4.9.3/../../../arm-none-eabi/lib/armv7-m/libnosys.a
END GROUP

.text           0x0000000000000000     0x4644
                0x0000000000000000                _stext = .
 CREATE_OBJECT_SYMBOLS
 *(.vectors)
 .vectors       0x0000000000000000       0xc0 Build/Obj/Debug/vectors_lpc1768.o
                0x0000000000000000                gVectors
 *(.text)
 .text          0x00000000000000c0      0x1dc Build/Obj/Debug/app.o
                0x00000000000000c0                main
 .text          0x000000000000029c       0xd0 Build/Obj/Debug/appConfig.o
                0x000000000000029c                delay
                0x00000000000002c0                appInit
 .text          0x000000000000036c       0x18 Build/Obj/Debug/sysClk.o
                0x000000000000036c                epcfCreateSysClk
 .text          0x0000000000000384      0xb3c Build/Obj/Debug/pin_lpc1768.o
                0x0000000000000384                epcfPinInit
 .text          0x0000000000000ec0      0x10c Build/Obj/Debug/vectors_lpc1768.o
                0x0000000000000ec0                ResetHandler
                0x0000000000000f28                NMI_Handler
                0x0000000000000f2c                HardFault_Handler
                0x0000000000000f30                MemManage_Handler
                0x0000000000000f34                BusFault_Handler
                0x0000000000000f38                UsageFault_Handler
                0x0000000000000f3c                SVC_Handler
                0x0000000000000f40                DebugMon_Handler
                0x0000000000000f44                PendSV_Handler
                0x0000000000000f48                SysTick_Handler
                0x0000000000000f4c                WDT_IRQHandler
                0x0000000000000f50                TIMER0_IRQHandler
                0x0000000000000f54                TIMER1_IRQHandler
                0x0000000000000f58                TIMER2_IRQHandler
                0x0000000000000f5c                TIMER3_IRQHandler
                0x0000000000000f70                PWM_IRQHandler
                0x0000000000000f74                I2C0_IRQHandler
                0x0000000000000f78                I2C1_IRQHandler
                0x0000000000000f7c                I2C2_IRQHandler
                0x0000000000000f80                SPI_IRQHandler
                0x0000000000000f84                SSP0_IRQHandler
                0x0000000000000f88                SSP1_IRQHandler
                0x0000000000000f8c                PLL0_IRQHandler
                0x0000000000000f90                RTC_IRQHandler
                0x0000000000000f94                EINT0_IRQHandler
                0x0000000000000f98                EINT1_IRQHandler
                0x0000000000000f9c                EINT2_IRQHandler
                0x0000000000000fa0                EINT3_IRQHandler
                0x0000000000000fa4                ADC_IRQHandler
                0x0000000000000fa8                BOD_IRQHandler
                0x0000000000000fac                USB_IRQHandler
                0x0000000000000fb0                CAN_IRQHandler
                0x0000000000000fb4                DMA_IRQHandler
                0x0000000000000fb8                I2S_IRQHandler
                0x0000000000000fbc                ENET_IRQHandler
                0x0000000000000fc0                RIT_IRQHandler
                0x0000000000000fc4                MCPWM_IRQHandler
                0x0000000000000fc8                QEI_IRQHandler
 .text          0x0000000000000fcc      0x3b0 Build/Obj/Debug/sysClk_lpc1768.o
                0x0000000000000fcc                epcfNativeCreateSysClk
                0x0000000000001010                epcfNativeSysGetCpuClock
                0x00000000000010b0                epcfNativeSysSetPclkDiv
                0x0000000000001128                epcfNativeSysGetPclk
 .text          0x000000000000137c      0x4b8 Build/Obj/Debug/gpio_lpc1768.o
                0x000000000000137c                epcf_gpio_nativeInit
                0x00000000000014b0                epcf_gpio_nativeSet
                0x00000000000014dc                epcf_gpio_nativeClear
                0x0000000000001508                epcf_gpio_nativeRead
                0x0000000000001540                epcf_gpio_nativeSetDirection
                0x00000000000015bc                epcf_gpio_nativeGetDeviceCount
                0x00000000000015c8                epcf_gpio_nativeIntEnable
                0x000000000000173c                epcf_gpio_nativeIntDisable
                0x0000000000001754                epcf_gpio_nativeIntAttachCallback
                0x00000000000017c0                epcf_gpio_nativeIntDetachCallback
 .text          0x0000000000001834      0x1c4 Build/Obj/Debug/gpio.o
                0x0000000000001834                epcf_gpio_createNative
                0x00000000000018a4                epcf_gpio_set
                0x00000000000018e4                epcf_gpio_clear
                0x0000000000001924                epcf_gpio_read
                0x0000000000001964                epcf_gpio_setDirection
                0x00000000000019b8                epcf_gpio_getDeviceCount
                0x00000000000019d8                epcf_gpio_extGetDeviceCount
 .text          0x00000000000019f8      0xd90 Build/Obj/Debug/uart_lpc1768.o
                0x00000000000019f8                epcf_uart_nativeInit
                0x0000000000001b78                epcf_uart_nativeClose
                0x0000000000001bc0                epcf_uart_nativeWrite
                0x0000000000001cec                epcf_uart_nativeWriteString
                0x0000000000001e20                epcf_uart_nativeRead
                0x0000000000001f1c                epcf_uart_nativeGetDeviceCount
                0x0000000000001f28                epcf_uart_nativeGetRxBufferCount
                0x0000000000001f44                epcf_uart_nativeRxBufferFlush
                0x0000000000001f60                epcf_uart_nativeGetTxBufferCount
                0x0000000000001f7c                epcf_uart_nativeTxBufferFlush
                0x0000000000002478                UART0_IRQHandler
                0x000000000000253c                UART1_IRQHandler
                0x0000000000002600                UART2_IRQHandler
                0x00000000000026c4                UART3_IRQHandler
 .text          0x0000000000002788      0x2b8 Build/Obj/Debug/uart.o
                0x0000000000002788                epcf_uart_createNative
                0x00000000000027e0                epcf_uart_close
                0x0000000000002820                epcf_uart_write
                0x0000000000002874                epcf_uart_writeString
                0x00000000000028b8                epcf_uart_read
                0x000000000000290c                epcf_uart_getDeviceCount
                0x000000000000292c                epcf_uart_getRxBufferCount
                0x0000000000002960                epcf_uart_rxBufferFlush
                0x00000000000029a0                epcf_uart_getTxBufferCount
                0x00000000000029d4                epcf_uart_txBufferFlush
                0x0000000000002a14                epcf_uart_extGetDeviceCount
 .text          0x0000000000002a40      0x16c Build/Obj/Debug/epcf_fifo.o
                0x0000000000002a40                pcfFifoInit
                0x0000000000002aa0                pcfFifoLength
                0x0000000000002ab0                pcfFifoCount
                0x0000000000002ac0                pcfFifoPush
                0x0000000000002b18                pcfFifoPop
                0x0000000000002b60                pcfFifoFlush
                0x0000000000002b78                pcfFifoIsEmpty
                0x0000000000002b90                pcfFifoIsFull
 *fill*         0x0000000000002bac        0x4 00000000
 .text          0x0000000000002bb0      0x764 Build/Obj/Debug/epcf_string.o
                0x0000000000002bb0                pcfStringTokenize
                0x0000000000002d28                pcfStrLen
                0x0000000000002d4c                pcfStrCopy
                0x0000000000002d84                pcfStrReverse
                0x0000000000002e00                pcfMemCopy
                0x0000000000002e38                pcfMemSet
                0x0000000000002e70                pcfMemCompare
                0x0000000000002eac                pcfFtoA
                0x00000000000030f0                pcfAtoI
                0x0000000000003130                pcfAtoF
                0x0000000000003218                pcfItoA
                0x00000000000032ac                pcfStrCat
 .text          0x0000000000003314      0x370 /usr/lib/gcc/arm-none-eabi/4.9.3/armv7-m/libgcc.a(_arm_addsubdf3.o)
                0x0000000000003314                __aeabi_drsub
                0x000000000000331c                __aeabi_dsub
                0x000000000000331c                __subdf3
                0x0000000000003320                __adddf3
                0x0000000000003320                __aeabi_dadd
                0x0000000000003598                __aeabi_ui2d
                0x0000000000003598                __floatunsidf
                0x00000000000035b8                __floatsidf
                0x00000000000035b8                __aeabi_i2d
                0x00000000000035dc                __extendsfdf2
                0x00000000000035dc                __aeabi_f2d
                0x0000000000003618                __aeabi_ul2d
                0x0000000000003618                __floatundidf
                0x0000000000003628                __floatdidf
                0x0000000000003628                __aeabi_l2d
 .text          0x0000000000003684      0x424 /usr/lib/gcc/arm-none-eabi/4.9.3/armv7-m/libgcc.a(_arm_muldivdf3.o)
                0x0000000000003684                __aeabi_dmul
                0x0000000000003684                __muldf3
                0x00000000000038d8                __aeabi_ddiv
                0x00000000000038d8                __divdf3
 .text          0x0000000000003aa8      0x110 /usr/lib/gcc/arm-none-eabi/4.9.3/armv7-m/libgcc.a(_arm_cmpdf2.o)
                0x0000000000003aa8                __gtdf2
                0x0000000000003aa8                __gedf2
                0x0000000000003ab0                __ltdf2
                0x0000000000003ab0                __ledf2
                0x0000000000003ab8                __cmpdf2
                0x0000000000003ab8                __eqdf2
                0x0000000000003ab8                __nedf2
                0x0000000000003b34                __aeabi_cdrcmple
                0x0000000000003b44                __aeabi_cdcmple
                0x0000000000003b44                __aeabi_cdcmpeq
                0x0000000000003b54                __aeabi_dcmpeq
                0x0000000000003b68                __aeabi_dcmplt
                0x0000000000003b7c                __aeabi_dcmple
                0x0000000000003b90                __aeabi_dcmpge
                0x0000000000003ba4                __aeabi_dcmpgt
 .text          0x0000000000003bb8       0xa0 /usr/lib/gcc/arm-none-eabi/4.9.3/armv7-m/libgcc.a(_arm_truncdfsf2.o)
                0x0000000000003bb8                __aeabi_d2f
                0x0000000000003bb8                __truncdfsf2
 .text          0x0000000000003c58      0x21c /usr/lib/gcc/arm-none-eabi/4.9.3/armv7-m/libgcc.a(_arm_addsubsf3.o)
                0x0000000000003c58                __aeabi_frsub
                0x0000000000003c60                __subsf3
                0x0000000000003c60                __aeabi_fsub
                0x0000000000003c64                __aeabi_fadd
                0x0000000000003c64                __addsf3
                0x0000000000003dc4                __aeabi_ui2f
                0x0000000000003dc4                __floatunsisf
                0x0000000000003dcc                __aeabi_i2f
                0x0000000000003dcc                __floatsisf
                0x0000000000003de8                __floatundisf
                0x0000000000003de8                __aeabi_ul2f
                0x0000000000003df8                __floatdisf
                0x0000000000003df8                __aeabi_l2f
 .text          0x0000000000003e74      0x2a0 /usr/lib/gcc/arm-none-eabi/4.9.3/armv7-m/libgcc.a(_arm_muldivsf3.o)
                0x0000000000003e74                __mulsf3
                0x0000000000003e74                __aeabi_fmul
                0x0000000000003fdc                __divsf3
                0x0000000000003fdc                __aeabi_fdiv
 .text          0x0000000000004114       0xec /usr/lib/gcc/arm-none-eabi/4.9.3/armv7-m/libgcc.a(_arm_cmpsf2.o)
                0x0000000000004114                __gtsf2
                0x0000000000004114                __gesf2
                0x000000000000411c                __lesf2
                0x000000000000411c                __ltsf2
                0x0000000000004124                __nesf2
                0x0000000000004124                __eqsf2
                0x0000000000004124                __cmpsf2
                0x0000000000004184                __aeabi_cfrcmple
                0x000000000000418c                __aeabi_cfcmple
                0x000000000000418c                __aeabi_cfcmpeq
                0x000000000000419c                __aeabi_fcmpeq
                0x00000000000041b0                __aeabi_fcmplt
                0x00000000000041c4                __aeabi_fcmple
                0x00000000000041d8                __aeabi_fcmpge
                0x00000000000041ec                __aeabi_fcmpgt
 .text          0x0000000000004200       0x4c /usr/lib/gcc/arm-none-eabi/4.9.3/armv7-m/libgcc.a(_arm_fixsfsi.o)
                0x0000000000004200                __fixsfsi
                0x0000000000004200                __aeabi_f2iz
 .text          0x000000000000424c       0x40 /usr/lib/gcc/arm-none-eabi/4.9.3/armv7-m/libgcc.a(_arm_fixunssfsi.o)
                0x000000000000424c                __aeabi_f2uiz
                0x000000000000424c                __fixunssfsi
 .text          0x000000000000428c        0x0 /usr/lib/gcc/arm-none-eabi/4.9.3/../../../arm-none-eabi/lib/armv7-m/libc_nano.a(lib_a-malloc.o)
 .text          0x000000000000428c        0x0 /usr/lib/gcc/arm-none-eabi/4.9.3/../../../arm-none-eabi/lib/armv7-m/libc_nano.a(lib_a-nano-freer.o)
 .text          0x000000000000428c        0x0 /usr/lib/gcc/arm-none-eabi/4.9.3/../../../arm-none-eabi/lib/armv7-m/libc_nano.a(lib_a-nano-mallocr.o)
 .text          0x000000000000428c        0x0 /usr/lib/gcc/arm-none-eabi/4.9.3/../../../arm-none-eabi/lib/armv7-m/libc_nano.a(lib_a-sbrkr.o)
 .text          0x000000000000428c        0x0 /usr/lib/gcc/arm-none-eabi/4.9.3/../../../arm-none-eabi/lib/armv7-m/libc_nano.a(lib_a-impure.o)
 .text          0x000000000000428c        0x0 /usr/lib/gcc/arm-none-eabi/4.9.3/../../../arm-none-eabi/lib/armv7-m/libc_nano.a(lib_a-reent.o)
 .text          0x000000000000428c        0x0 /usr/lib/gcc/arm-none-eabi/4.9.3/../../../arm-none-eabi/lib/armv7-m/libnosys.a(sbrk.o)
 *(.text.*)
 .text.malloc   0x000000000000428c       0x10 /usr/lib/gcc/arm-none-eabi/4.9.3/../../../arm-none-eabi/lib/armv7-m/libc_nano.a(lib_a-malloc.o)
                0x000000000000428c                malloc
 .text.free     0x000000000000429c       0x10 /usr/lib/gcc/arm-none-eabi/4.9.3/../../../arm-none-eabi/lib/armv7-m/libc_nano.a(lib_a-malloc.o)
                0x000000000000429c                free
 .text._free_r  0x00000000000042ac       0x88 /usr/lib/gcc/arm-none-eabi/4.9.3/../../../arm-none-eabi/lib/armv7-m/libc_nano.a(lib_a-nano-freer.o)
                0x00000000000042ac                _free_r
 .text._malloc_r
                0x0000000000004334       0xac /usr/lib/gcc/arm-none-eabi/4.9.3/../../../arm-none-eabi/lib/armv7-m/libc_nano.a(lib_a-nano-mallocr.o)
                0x0000000000004334                _malloc_r
 .text._sbrk_r  0x00000000000043e0       0x20 /usr/lib/gcc/arm-none-eabi/4.9.3/../../../arm-none-eabi/lib/armv7-m/libc_nano.a(lib_a-sbrkr.o)
                0x00000000000043e0                _sbrk_r
 .text.cleanup_glue
                0x0000000000004400       0x1a /usr/lib/gcc/arm-none-eabi/4.9.3/../../../arm-none-eabi/lib/armv7-m/libc_nano.a(lib_a-reent.o)
                0x0000000000004400                cleanup_glue
 *fill*         0x000000000000441a        0x2 00000000
 .text._reclaim_reent
                0x000000000000441c       0xb4 /usr/lib/gcc/arm-none-eabi/4.9.3/../../../arm-none-eabi/lib/armv7-m/libc_nano.a(lib_a-reent.o)
                0x000000000000441c                _reclaim_reent
 .text._sbrk    0x00000000000044d0       0x1c /usr/lib/gcc/arm-none-eabi/4.9.3/../../../arm-none-eabi/lib/armv7-m/libnosys.a(sbrk.o)
                0x00000000000044d0                _sbrk
                0x00000000000044ec                . = ALIGN (0x4)
 *(.rodata)
 .rodata        0x00000000000044ec       0x18 Build/Obj/Debug/app.o
 .rodata        0x0000000000004504       0x88 Build/Obj/Debug/pin_lpc1768.o
 .rodata        0x000000000000458c        0x4 Build/Obj/Debug/sysClk_lpc1768.o
 .rodata        0x0000000000004590       0xac Build/Obj/Debug/uart_lpc1768.o
                0x00000000000045dc                _uart_AltFunction
 *(.rodata.*)
 .rodata.str1.1
                0x000000000000463c        0x2 /usr/lib/gcc/arm-none-eabi/4.9.3/../../../arm-none-eabi/lib/armv7-m/libc_nano.a(lib_a-impure.o)
 *fill*         0x000000000000463e        0x2 00000000
 .rodata._global_impure_ptr
                0x0000000000004640        0x4 /usr/lib/gcc/arm-none-eabi/4.9.3/../../../arm-none-eabi/lib/armv7-m/libc_nano.a(lib_a-impure.o)
                0x0000000000004640                _global_impure_ptr
                0x0000000000004644                . = ALIGN (0x4)

.glue_7         0x0000000000004644        0x0
 .glue_7        0x0000000000004644        0x0 linker stubs

.glue_7t        0x0000000000004644        0x0
 .glue_7t       0x0000000000004644        0x0 linker stubs

.vfp11_veneer   0x0000000000004644        0x0
 .vfp11_veneer  0x0000000000004644        0x0 linker stubs

.v4_bx          0x0000000000004644        0x0
 .v4_bx         0x0000000000004644        0x0 linker stubs

.iplt           0x0000000000004644        0x0
 .iplt          0x0000000000004644        0x0 Build/Obj/Debug/app.o

.rel.dyn        0x0000000000004644        0x0
 .rel.iplt      0x0000000000004644        0x0 Build/Obj/Debug/app.o

.ARM.extab
 *(.ARM.extab* .gnu.linkonce.armextab.*)
                0x0000000000004644                __exidx_start = .

.ARM.exidx
 *(.ARM.exidx* .gnu.linkonce.armexidx.*)
                0x0000000000004644                __exidx_end = .
                0x0000000000004644                _etext = .

.data           0x000000002007c000      0x340 load address 0x0000000000004644
                0x000000002007c000                . = ALIGN (0x4)
                0x000000002007c000                _sdata = .
 *(.data)
 .data          0x000000002007c000        0x0 Build/Obj/Debug/app.o
 .data          0x000000002007c000       0x54 Build/Obj/Debug/appConfig.o
                0x000000002007c000                myClockCfg
                0x000000002007c00c                myGpioCfg
                0x000000002007c018                LED_Config
                0x000000002007c024                myLED_Config
                0x000000002007c030                Switch_Config
                0x000000002007c03c                uartHWCfg
                0x000000002007c040                uart_Config
 .data          0x000000002007c054        0x0 Build/Obj/Debug/sysClk.o
 .data          0x000000002007c054        0x0 Build/Obj/Debug/pin_lpc1768.o
 .data          0x000000002007c054        0x0 Build/Obj/Debug/vectors_lpc1768.o
 .data          0x000000002007c054        0x0 Build/Obj/Debug/sysClk_lpc1768.o
 .data          0x000000002007c054        0x1 Build/Obj/Debug/gpio_lpc1768.o
 .data          0x000000002007c055        0x0 Build/Obj/Debug/gpio.o
 *fill*         0x000000002007c055        0x3 
 .data          0x000000002007c058      0x284 Build/Obj/Debug/uart_lpc1768.o
                0x000000002007c058                irq_num
                0x000000002007c068                pwr_uart_ch
                0x000000002007c078                pdiv_clk_uart_ch
                0x000000002007c088                uart_channel_addr
 .data          0x000000002007c2dc        0x0 Build/Obj/Debug/uart.o
 .data          0x000000002007c2dc        0x0 Build/Obj/Debug/epcf_fifo.o
 .data          0x000000002007c2dc        0x0 Build/Obj/Debug/epcf_string.o
 .data          0x000000002007c2dc        0x0 /usr/lib/gcc/arm-none-eabi/4.9.3/armv7-m/libgcc.a(_arm_addsubdf3.o)
 .data          0x000000002007c2dc        0x0 /usr/lib/gcc/arm-none-eabi/4.9.3/armv7-m/libgcc.a(_arm_muldivdf3.o)
 .data          0x000000002007c2dc        0x0 /usr/lib/gcc/arm-none-eabi/4.9.3/armv7-m/libgcc.a(_arm_cmpdf2.o)
 .data          0x000000002007c2dc        0x0 /usr/lib/gcc/arm-none-eabi/4.9.3/armv7-m/libgcc.a(_arm_truncdfsf2.o)
 .data          0x000000002007c2dc        0x0 /usr/lib/gcc/arm-none-eabi/4.9.3/armv7-m/libgcc.a(_arm_addsubsf3.o)
 .data          0x000000002007c2dc        0x0 /usr/lib/gcc/arm-none-eabi/4.9.3/armv7-m/libgcc.a(_arm_muldivsf3.o)
 .data          0x000000002007c2dc        0x0 /usr/lib/gcc/arm-none-eabi/4.9.3/armv7-m/libgcc.a(_arm_cmpsf2.o)
 .data          0x000000002007c2dc        0x0 /usr/lib/gcc/arm-none-eabi/4.9.3/armv7-m/libgcc.a(_arm_fixsfsi.o)
 .data          0x000000002007c2dc        0x0 /usr/lib/gcc/arm-none-eabi/4.9.3/armv7-m/libgcc.a(_arm_fixunssfsi.o)
 .data          0x000000002007c2dc        0x0 /usr/lib/gcc/arm-none-eabi/4.9.3/../../../arm-none-eabi/lib/armv7-m/libc_nano.a(lib_a-malloc.o)
 .data          0x000000002007c2dc        0x0 /usr/lib/gcc/arm-none-eabi/4.9.3/../../../arm-none-eabi/lib/armv7-m/libc_nano.a(lib_a-nano-freer.o)
 .data          0x000000002007c2dc        0x0 /usr/lib/gcc/arm-none-eabi/4.9.3/../../../arm-none-eabi/lib/armv7-m/libc_nano.a(lib_a-nano-mallocr.o)
 .data          0x000000002007c2dc        0x0 /usr/lib/gcc/arm-none-eabi/4.9.3/../../../arm-none-eabi/lib/armv7-m/libc_nano.a(lib_a-sbrkr.o)
 .data          0x000000002007c2dc        0x0 /usr/lib/gcc/arm-none-eabi/4.9.3/../../../arm-none-eabi/lib/armv7-m/libc_nano.a(lib_a-impure.o)
 .data          0x000000002007c2dc        0x0 /usr/lib/gcc/arm-none-eabi/4.9.3/../../../arm-none-eabi/lib/armv7-m/libc_nano.a(lib_a-reent.o)
 .data          0x000000002007c2dc        0x0 /usr/lib/gcc/arm-none-eabi/4.9.3/../../../arm-none-eabi/lib/armv7-m/libnosys.a(sbrk.o)
 *(.data.*)
 .data.impure_data
                0x000000002007c2dc       0x60 /usr/lib/gcc/arm-none-eabi/4.9.3/../../../arm-none-eabi/lib/armv7-m/libc_nano.a(lib_a-impure.o)
 .data._impure_ptr
                0x000000002007c33c        0x4 /usr/lib/gcc/arm-none-eabi/4.9.3/../../../arm-none-eabi/lib/armv7-m/libc_nano.a(lib_a-impure.o)
                0x000000002007c33c                _impure_ptr
                0x000000002007c340                . = ALIGN (0x4)
 *(.fastrun)
 *(.fastrun.*)
                0x000000002007c340                . = ALIGN (0x4)
                0x000000002007c340                _edata = .

.igot.plt       0x000000002007c340        0x0 load address 0x0000000000004984
 .igot.plt      0x000000002007c340        0x0 Build/Obj/Debug/app.o

.bss            0x0000000010000000      0x454
                0x0000000010000000                . = ALIGN (0x4)
                0x0000000010000000                _sbss = .
 *(.bss)
 .bss           0x0000000010000000        0x0 Build/Obj/Debug/app.o
 .bss           0x0000000010000000        0x0 Build/Obj/Debug/appConfig.o
 .bss           0x0000000010000000        0x0 Build/Obj/Debug/sysClk.o
 .bss           0x0000000010000000        0x0 Build/Obj/Debug/pin_lpc1768.o
 .bss           0x0000000010000000        0x0 Build/Obj/Debug/vectors_lpc1768.o
 .bss           0x0000000010000000        0x4 Build/Obj/Debug/sysClk_lpc1768.o
 .bss           0x0000000010000004      0x2ff Build/Obj/Debug/gpio_lpc1768.o
 .bss           0x0000000010000303        0x0 Build/Obj/Debug/gpio.o
 *fill*         0x0000000010000303        0x1 
 .bss           0x0000000010000304       0x24 Build/Obj/Debug/uart_lpc1768.o
 .bss           0x0000000010000328        0x0 Build/Obj/Debug/uart.o
 .bss           0x0000000010000328        0x0 Build/Obj/Debug/epcf_fifo.o
 .bss           0x0000000010000328      0x104 Build/Obj/Debug/epcf_string.o
 .bss           0x000000001000042c        0x0 /usr/lib/gcc/arm-none-eabi/4.9.3/armv7-m/libgcc.a(_arm_addsubdf3.o)
 .bss           0x000000001000042c        0x0 /usr/lib/gcc/arm-none-eabi/4.9.3/armv7-m/libgcc.a(_arm_muldivdf3.o)
 .bss           0x000000001000042c        0x0 /usr/lib/gcc/arm-none-eabi/4.9.3/armv7-m/libgcc.a(_arm_cmpdf2.o)
 .bss           0x000000001000042c        0x0 /usr/lib/gcc/arm-none-eabi/4.9.3/armv7-m/libgcc.a(_arm_truncdfsf2.o)
 .bss           0x000000001000042c        0x0 /usr/lib/gcc/arm-none-eabi/4.9.3/armv7-m/libgcc.a(_arm_addsubsf3.o)
 .bss           0x000000001000042c        0x0 /usr/lib/gcc/arm-none-eabi/4.9.3/armv7-m/libgcc.a(_arm_muldivsf3.o)
 .bss           0x000000001000042c        0x0 /usr/lib/gcc/arm-none-eabi/4.9.3/armv7-m/libgcc.a(_arm_cmpsf2.o)
 .bss           0x000000001000042c        0x0 /usr/lib/gcc/arm-none-eabi/4.9.3/armv7-m/libgcc.a(_arm_fixsfsi.o)
 .bss           0x000000001000042c        0x0 /usr/lib/gcc/arm-none-eabi/4.9.3/armv7-m/libgcc.a(_arm_fixunssfsi.o)
 .bss           0x000000001000042c        0x0 /usr/lib/gcc/arm-none-eabi/4.9.3/../../../arm-none-eabi/lib/armv7-m/libc_nano.a(lib_a-malloc.o)
 .bss           0x000000001000042c        0x0 /usr/lib/gcc/arm-none-eabi/4.9.3/../../../arm-none-eabi/lib/armv7-m/libc_nano.a(lib_a-nano-freer.o)
 .bss           0x000000001000042c        0x0 /usr/lib/gcc/arm-none-eabi/4.9.3/../../../arm-none-eabi/lib/armv7-m/libc_nano.a(lib_a-nano-mallocr.o)
 .bss           0x000000001000042c        0x0 /usr/lib/gcc/arm-none-eabi/4.9.3/../../../arm-none-eabi/lib/armv7-m/libc_nano.a(lib_a-sbrkr.o)
 .bss           0x000000001000042c        0x0 /usr/lib/gcc/arm-none-eabi/4.9.3/../../../arm-none-eabi/lib/armv7-m/libc_nano.a(lib_a-impure.o)
 .bss           0x000000001000042c        0x0 /usr/lib/gcc/arm-none-eabi/4.9.3/../../../arm-none-eabi/lib/armv7-m/libc_nano.a(lib_a-reent.o)
 .bss           0x000000001000042c        0x0 /usr/lib/gcc/arm-none-eabi/4.9.3/../../../arm-none-eabi/lib/armv7-m/libnosys.a(sbrk.o)
 *(.bss.*)
 .bss.__malloc_sbrk_start
                0x000000001000042c        0x4 /usr/lib/gcc/arm-none-eabi/4.9.3/../../../arm-none-eabi/lib/armv7-m/libc_nano.a(lib_a-nano-mallocr.o)
                0x000000001000042c                __malloc_sbrk_start
 .bss.__malloc_free_list
                0x0000000010000430        0x4 /usr/lib/gcc/arm-none-eabi/4.9.3/../../../arm-none-eabi/lib/armv7-m/libc_nano.a(lib_a-nano-mallocr.o)
                0x0000000010000430                __malloc_free_list
 .bss.heap_end.4079
                0x0000000010000434        0x4 /usr/lib/gcc/arm-none-eabi/4.9.3/../../../arm-none-eabi/lib/armv7-m/libnosys.a(sbrk.o)
                0x0000000010000438                . = ALIGN (0x4)
 COMMON         0x0000000010000438        0x0 Build/Obj/Debug/app.o
 COMMON         0x0000000010000438       0x18 Build/Obj/Debug/appConfig.o
                0x0000000010000438                Switch
                0x000000001000043c                myUART
                0x0000000010000440                myLED
                0x0000000010000444                myGpio
                0x0000000010000448                LED
                0x000000001000044c                myClock
 COMMON         0x0000000010000450        0x4 /usr/lib/gcc/arm-none-eabi/4.9.3/../../../arm-none-eabi/lib/armv7-m/libc_nano.a(lib_a-reent.o)
                0x0000000010000450                errno
                0x0000000010000454                _ebss = .

.heap           0x000000002007c340        0x0
                0x000000002007c340                __end__ = .
                0x000000002007c340                PROVIDE (end, .)
 *(.heap*)
                0x000000002007c340                __HeapLimit = .
                0x0000000020084000                _estack = (ORIGIN (RAM2) + LENGTH (RAM2))
OUTPUT(Build/Hex/Debug/app.elf elf32-littlearm)

.debug_info     0x0000000000000000     0x8bd6
 .debug_info    0x0000000000000000      0x50f Build/Obj/Debug/app.o
 .debug_info    0x000000000000050f      0x604 Build/Obj/Debug/appConfig.o
 .debug_info    0x0000000000000b13      0x18a Build/Obj/Debug/sysClk.o
 .debug_info    0x0000000000000c9d      0x5c0 Build/Obj/Debug/pin_lpc1768.o
 .debug_info    0x000000000000125d      0x4e4 Build/Obj/Debug/vectors_lpc1768.o
 .debug_info    0x0000000000001741      0x6ac Build/Obj/Debug/sysClk_lpc1768.o
 .debug_info    0x0000000000001ded      0x861 Build/Obj/Debug/gpio_lpc1768.o
 .debug_info    0x000000000000264e      0x5b8 Build/Obj/Debug/gpio.o
 .debug_info    0x0000000000002c06     0x15e0 Build/Obj/Debug/uart_lpc1768.o
 .debug_info    0x00000000000041e6      0x87f Build/Obj/Debug/uart.o
 .debug_info    0x0000000000004a65      0x305 Build/Obj/Debug/epcf_fifo.o
 .debug_info    0x0000000000004d6a      0x605 Build/Obj/Debug/epcf_string.o
 .debug_info    0x000000000000536f       0xba /usr/lib/gcc/arm-none-eabi/4.9.3/armv7-m/libgcc.a(_arm_addsubdf3.o)
 .debug_info    0x0000000000005429       0xba /usr/lib/gcc/arm-none-eabi/4.9.3/armv7-m/libgcc.a(_arm_muldivdf3.o)
 .debug_info    0x00000000000054e3       0xba /usr/lib/gcc/arm-none-eabi/4.9.3/armv7-m/libgcc.a(_arm_cmpdf2.o)
 .debug_info    0x000000000000559d       0xba /usr/lib/gcc/arm-none-eabi/4.9.3/armv7-m/libgcc.a(_arm_truncdfsf2.o)
 .debug_info    0x0000000000005657       0xba /usr/lib/gcc/arm-none-eabi/4.9.3/armv7-m/libgcc.a(_arm_addsubsf3.o)
 .debug_info    0x0000000000005711       0xba /usr/lib/gcc/arm-none-eabi/4.9.3/armv7-m/libgcc.a(_arm_muldivsf3.o)
 .debug_info    0x00000000000057cb       0xba /usr/lib/gcc/arm-none-eabi/4.9.3/armv7-m/libgcc.a(_arm_cmpsf2.o)
 .debug_info    0x0000000000005885       0xba /usr/lib/gcc/arm-none-eabi/4.9.3/armv7-m/libgcc.a(_arm_fixsfsi.o)
 .debug_info    0x000000000000593f       0xba /usr/lib/gcc/arm-none-eabi/4.9.3/armv7-m/libgcc.a(_arm_fixunssfsi.o)
 .debug_info    0x00000000000059f9      0x7c1 /usr/lib/gcc/arm-none-eabi/4.9.3/../../../arm-none-eabi/lib/armv7-m/libc_nano.a(lib_a-malloc.o)
 .debug_info    0x00000000000061ba      0x81a /usr/lib/gcc/arm-none-eabi/4.9.3/../../../arm-none-eabi/lib/armv7-m/libc_nano.a(lib_a-nano-freer.o)
 .debug_info    0x00000000000069d4      0x8fb /usr/lib/gcc/arm-none-eabi/4.9.3/../../../arm-none-eabi/lib/armv7-m/libc_nano.a(lib_a-nano-mallocr.o)
 .debug_info    0x00000000000072cf      0x7a0 /usr/lib/gcc/arm-none-eabi/4.9.3/../../../arm-none-eabi/lib/armv7-m/libc_nano.a(lib_a-sbrkr.o)
 .debug_info    0x0000000000007a6f      0x7d3 /usr/lib/gcc/arm-none-eabi/4.9.3/../../../arm-none-eabi/lib/armv7-m/libc_nano.a(lib_a-impure.o)
 .debug_info    0x0000000000008242      0x8fb /usr/lib/gcc/arm-none-eabi/4.9.3/../../../arm-none-eabi/lib/armv7-m/libc_nano.a(lib_a-reent.o)
 .debug_info    0x0000000000008b3d       0x99 /usr/lib/gcc/arm-none-eabi/4.9.3/../../../arm-none-eabi/lib/armv7-m/libnosys.a(sbrk.o)

.debug_abbrev   0x0000000000000000     0x1bbe
 .debug_abbrev  0x0000000000000000      0x13a Build/Obj/Debug/app.o
 .debug_abbrev  0x000000000000013a      0x12c Build/Obj/Debug/appConfig.o
 .debug_abbrev  0x0000000000000266       0xd1 Build/Obj/Debug/sysClk.o
 .debug_abbrev  0x0000000000000337      0x187 Build/Obj/Debug/pin_lpc1768.o
 .debug_abbrev  0x00000000000004be       0xdb Build/Obj/Debug/vectors_lpc1768.o
 .debug_abbrev  0x0000000000000599      0x17d Build/Obj/Debug/sysClk_lpc1768.o
 .debug_abbrev  0x0000000000000716      0x187 Build/Obj/Debug/gpio_lpc1768.o
 .debug_abbrev  0x000000000000089d      0x124 Build/Obj/Debug/gpio.o
 .debug_abbrev  0x00000000000009c1      0x2ab Build/Obj/Debug/uart_lpc1768.o
 .debug_abbrev  0x0000000000000c6c      0x116 Build/Obj/Debug/uart.o
 .debug_abbrev  0x0000000000000d82      0x112 Build/Obj/Debug/epcf_fifo.o
 .debug_abbrev  0x0000000000000e94      0x184 Build/Obj/Debug/epcf_string.o
 .debug_abbrev  0x0000000000001018       0x14 /usr/lib/gcc/arm-none-eabi/4.9.3/armv7-m/libgcc.a(_arm_addsubdf3.o)
 .debug_abbrev  0x000000000000102c       0x14 /usr/lib/gcc/arm-none-eabi/4.9.3/armv7-m/libgcc.a(_arm_muldivdf3.o)
 .debug_abbrev  0x0000000000001040       0x14 /usr/lib/gcc/arm-none-eabi/4.9.3/armv7-m/libgcc.a(_arm_cmpdf2.o)
 .debug_abbrev  0x0000000000001054       0x14 /usr/lib/gcc/arm-none-eabi/4.9.3/armv7-m/libgcc.a(_arm_truncdfsf2.o)
 .debug_abbrev  0x0000000000001068       0x14 /usr/lib/gcc/arm-none-eabi/4.9.3/armv7-m/libgcc.a(_arm_addsubsf3.o)
 .debug_abbrev  0x000000000000107c       0x14 /usr/lib/gcc/arm-none-eabi/4.9.3/armv7-m/libgcc.a(_arm_muldivsf3.o)
 .debug_abbrev  0x0000000000001090       0x14 /usr/lib/gcc/arm-none-eabi/4.9.3/armv7-m/libgcc.a(_arm_cmpsf2.o)
 .debug_abbrev  0x00000000000010a4       0x14 /usr/lib/gcc/arm-none-eabi/4.9.3/armv7-m/libgcc.a(_arm_fixsfsi.o)
 .debug_abbrev  0x00000000000010b8       0x14 /usr/lib/gcc/arm-none-eabi/4.9.3/armv7-m/libgcc.a(_arm_fixunssfsi.o)
 .debug_abbrev  0x00000000000010cc      0x19f /usr/lib/gcc/arm-none-eabi/4.9.3/../../../arm-none-eabi/lib/armv7-m/libc_nano.a(lib_a-malloc.o)
 .debug_abbrev  0x000000000000126b      0x1b6 /usr/lib/gcc/arm-none-eabi/4.9.3/../../../arm-none-eabi/lib/armv7-m/libc_nano.a(lib_a-nano-freer.o)
 .debug_abbrev  0x0000000000001421      0x250 /usr/lib/gcc/arm-none-eabi/4.9.3/../../../arm-none-eabi/lib/armv7-m/libc_nano.a(lib_a-nano-mallocr.o)
 .debug_abbrev  0x0000000000001671      0x1a2 /usr/lib/gcc/arm-none-eabi/4.9.3/../../../arm-none-eabi/lib/armv7-m/libc_nano.a(lib_a-sbrkr.o)
 .debug_abbrev  0x0000000000001813      0x136 /usr/lib/gcc/arm-none-eabi/4.9.3/../../../arm-none-eabi/lib/armv7-m/libc_nano.a(lib_a-impure.o)
 .debug_abbrev  0x0000000000001949      0x1f2 /usr/lib/gcc/arm-none-eabi/4.9.3/../../../arm-none-eabi/lib/armv7-m/libc_nano.a(lib_a-reent.o)
 .debug_abbrev  0x0000000000001b3b       0x83 /usr/lib/gcc/arm-none-eabi/4.9.3/../../../arm-none-eabi/lib/armv7-m/libnosys.a(sbrk.o)

.debug_loc      0x0000000000000000     0x1633
 .debug_loc     0x0000000000000000       0x2d Build/Obj/Debug/app.o
 .debug_loc     0x000000000000002d       0x4c Build/Obj/Debug/appConfig.o
 .debug_loc     0x0000000000000079       0x38 Build/Obj/Debug/sysClk.o
 .debug_loc     0x00000000000000b1       0xe8 Build/Obj/Debug/pin_lpc1768.o
 .debug_loc     0x0000000000000199       0x2c Build/Obj/Debug/vectors_lpc1768.o
 .debug_loc     0x00000000000001c5      0x138 Build/Obj/Debug/sysClk_lpc1768.o
 .debug_loc     0x00000000000002fd      0x198 Build/Obj/Debug/gpio_lpc1768.o
 .debug_loc     0x0000000000000495      0x188 Build/Obj/Debug/gpio.o
 .debug_loc     0x000000000000061d      0x384 Build/Obj/Debug/uart_lpc1768.o
 .debug_loc     0x00000000000009a1      0x2b0 Build/Obj/Debug/uart.o
 .debug_loc     0x0000000000000c51      0x16c Build/Obj/Debug/epcf_fifo.o
 .debug_loc     0x0000000000000dbd      0x240 Build/Obj/Debug/epcf_string.o
 .debug_loc     0x0000000000000ffd       0x58 /usr/lib/gcc/arm-none-eabi/4.9.3/../../../arm-none-eabi/lib/armv7-m/libc_nano.a(lib_a-malloc.o)
 .debug_loc     0x0000000000001055      0x172 /usr/lib/gcc/arm-none-eabi/4.9.3/../../../arm-none-eabi/lib/armv7-m/libc_nano.a(lib_a-nano-freer.o)
 .debug_loc     0x00000000000011c7      0x304 /usr/lib/gcc/arm-none-eabi/4.9.3/../../../arm-none-eabi/lib/armv7-m/libc_nano.a(lib_a-nano-mallocr.o)
 .debug_loc     0x00000000000014cb       0x4d /usr/lib/gcc/arm-none-eabi/4.9.3/../../../arm-none-eabi/lib/armv7-m/libc_nano.a(lib_a-sbrkr.o)
 .debug_loc     0x0000000000001518       0xfa /usr/lib/gcc/arm-none-eabi/4.9.3/../../../arm-none-eabi/lib/armv7-m/libc_nano.a(lib_a-reent.o)
 .debug_loc     0x0000000000001612       0x21 /usr/lib/gcc/arm-none-eabi/4.9.3/../../../arm-none-eabi/lib/armv7-m/libnosys.a(sbrk.o)

.debug_aranges  0x0000000000000000      0x388
 .debug_aranges
                0x0000000000000000       0x20 Build/Obj/Debug/app.o
 .debug_aranges
                0x0000000000000020       0x20 Build/Obj/Debug/appConfig.o
 .debug_aranges
                0x0000000000000040       0x20 Build/Obj/Debug/sysClk.o
 .debug_aranges
                0x0000000000000060       0x20 Build/Obj/Debug/pin_lpc1768.o
 .debug_aranges
                0x0000000000000080       0x20 Build/Obj/Debug/vectors_lpc1768.o
 .debug_aranges
                0x00000000000000a0       0x20 Build/Obj/Debug/sysClk_lpc1768.o
 .debug_aranges
                0x00000000000000c0       0x20 Build/Obj/Debug/gpio_lpc1768.o
 .debug_aranges
                0x00000000000000e0       0x20 Build/Obj/Debug/gpio.o
 .debug_aranges
                0x0000000000000100       0x20 Build/Obj/Debug/uart_lpc1768.o
 .debug_aranges
                0x0000000000000120       0x20 Build/Obj/Debug/uart.o
 .debug_aranges
                0x0000000000000140       0x20 Build/Obj/Debug/epcf_fifo.o
 .debug_aranges
                0x0000000000000160       0x20 Build/Obj/Debug/epcf_string.o
 .debug_aranges
                0x0000000000000180       0x20 /usr/lib/gcc/arm-none-eabi/4.9.3/armv7-m/libgcc.a(_arm_addsubdf3.o)
 .debug_aranges
                0x00000000000001a0       0x20 /usr/lib/gcc/arm-none-eabi/4.9.3/armv7-m/libgcc.a(_arm_muldivdf3.o)
 .debug_aranges
                0x00000000000001c0       0x20 /usr/lib/gcc/arm-none-eabi/4.9.3/armv7-m/libgcc.a(_arm_cmpdf2.o)
 .debug_aranges
                0x00000000000001e0       0x20 /usr/lib/gcc/arm-none-eabi/4.9.3/armv7-m/libgcc.a(_arm_truncdfsf2.o)
 .debug_aranges
                0x0000000000000200       0x20 /usr/lib/gcc/arm-none-eabi/4.9.3/armv7-m/libgcc.a(_arm_addsubsf3.o)
 .debug_aranges
                0x0000000000000220       0x20 /usr/lib/gcc/arm-none-eabi/4.9.3/armv7-m/libgcc.a(_arm_muldivsf3.o)
 .debug_aranges
                0x0000000000000240       0x20 /usr/lib/gcc/arm-none-eabi/4.9.3/armv7-m/libgcc.a(_arm_cmpsf2.o)
 .debug_aranges
                0x0000000000000260       0x20 /usr/lib/gcc/arm-none-eabi/4.9.3/armv7-m/libgcc.a(_arm_fixsfsi.o)
 .debug_aranges
                0x0000000000000280       0x20 /usr/lib/gcc/arm-none-eabi/4.9.3/armv7-m/libgcc.a(_arm_fixunssfsi.o)
 .debug_aranges
                0x00000000000002a0       0x28 /usr/lib/gcc/arm-none-eabi/4.9.3/../../../arm-none-eabi/lib/armv7-m/libc_nano.a(lib_a-malloc.o)
 .debug_aranges
                0x00000000000002c8       0x20 /usr/lib/gcc/arm-none-eabi/4.9.3/../../../arm-none-eabi/lib/armv7-m/libc_nano.a(lib_a-nano-freer.o)
 .debug_aranges
                0x00000000000002e8       0x20 /usr/lib/gcc/arm-none-eabi/4.9.3/../../../arm-none-eabi/lib/armv7-m/libc_nano.a(lib_a-nano-mallocr.o)
 .debug_aranges
                0x0000000000000308       0x20 /usr/lib/gcc/arm-none-eabi/4.9.3/../../../arm-none-eabi/lib/armv7-m/libc_nano.a(lib_a-sbrkr.o)
 .debug_aranges
                0x0000000000000328       0x18 /usr/lib/gcc/arm-none-eabi/4.9.3/../../../arm-none-eabi/lib/armv7-m/libc_nano.a(lib_a-impure.o)
 .debug_aranges
                0x0000000000000340       0x28 /usr/lib/gcc/arm-none-eabi/4.9.3/../../../arm-none-eabi/lib/armv7-m/libc_nano.a(lib_a-reent.o)
 .debug_aranges
                0x0000000000000368       0x20 /usr/lib/gcc/arm-none-eabi/4.9.3/../../../arm-none-eabi/lib/armv7-m/libnosys.a(sbrk.o)

.debug_line     0x0000000000000000     0x3445
 .debug_line    0x0000000000000000      0x2b2 Build/Obj/Debug/app.o
 .debug_line    0x00000000000002b2      0x323 Build/Obj/Debug/appConfig.o
 .debug_line    0x00000000000005d5      0x175 Build/Obj/Debug/sysClk.o
 .debug_line    0x000000000000074a      0x42b Build/Obj/Debug/pin_lpc1768.o
 .debug_line    0x0000000000000b75      0x233 Build/Obj/Debug/vectors_lpc1768.o
 .debug_line    0x0000000000000da8      0x2ba Build/Obj/Debug/sysClk_lpc1768.o
 .debug_line    0x0000000000001062      0x3d9 Build/Obj/Debug/gpio_lpc1768.o
 .debug_line    0x000000000000143b      0x263 Build/Obj/Debug/gpio.o
 .debug_line    0x000000000000169e      0x5e8 Build/Obj/Debug/uart_lpc1768.o
 .debug_line    0x0000000000001c86      0x297 Build/Obj/Debug/uart.o
 .debug_line    0x0000000000001f1d      0x18b Build/Obj/Debug/epcf_fifo.o
 .debug_line    0x00000000000020a8      0x2d0 Build/Obj/Debug/epcf_string.o
 .debug_line    0x0000000000002378      0x176 /usr/lib/gcc/arm-none-eabi/4.9.3/armv7-m/libgcc.a(_arm_addsubdf3.o)
 .debug_line    0x00000000000024ee      0x19a /usr/lib/gcc/arm-none-eabi/4.9.3/armv7-m/libgcc.a(_arm_muldivdf3.o)
 .debug_line    0x0000000000002688       0xb7 /usr/lib/gcc/arm-none-eabi/4.9.3/armv7-m/libgcc.a(_arm_cmpdf2.o)
 .debug_line    0x000000000000273f       0x8b /usr/lib/gcc/arm-none-eabi/4.9.3/armv7-m/libgcc.a(_arm_truncdfsf2.o)
 .debug_line    0x00000000000027ca      0x117 /usr/lib/gcc/arm-none-eabi/4.9.3/armv7-m/libgcc.a(_arm_addsubsf3.o)
 .debug_line    0x00000000000028e1      0x13a /usr/lib/gcc/arm-none-eabi/4.9.3/armv7-m/libgcc.a(_arm_muldivsf3.o)
 .debug_line    0x0000000000002a1b       0xab /usr/lib/gcc/arm-none-eabi/4.9.3/armv7-m/libgcc.a(_arm_cmpsf2.o)
 .debug_line    0x0000000000002ac6       0x77 /usr/lib/gcc/arm-none-eabi/4.9.3/armv7-m/libgcc.a(_arm_fixsfsi.o)
 .debug_line    0x0000000000002b3d       0x73 /usr/lib/gcc/arm-none-eabi/4.9.3/armv7-m/libgcc.a(_arm_fixunssfsi.o)
 .debug_line    0x0000000000002bb0      0x16e /usr/lib/gcc/arm-none-eabi/4.9.3/../../../arm-none-eabi/lib/armv7-m/libc_nano.a(lib_a-malloc.o)
 .debug_line    0x0000000000002d1e      0x145 /usr/lib/gcc/arm-none-eabi/4.9.3/../../../arm-none-eabi/lib/armv7-m/libc_nano.a(lib_a-nano-freer.o)
 .debug_line    0x0000000000002e63      0x199 /usr/lib/gcc/arm-none-eabi/4.9.3/../../../arm-none-eabi/lib/armv7-m/libc_nano.a(lib_a-nano-mallocr.o)
 .debug_line    0x0000000000002ffc      0x162 /usr/lib/gcc/arm-none-eabi/4.9.3/../../../arm-none-eabi/lib/armv7-m/libc_nano.a(lib_a-sbrkr.o)
 .debug_line    0x000000000000315e       0xf1 /usr/lib/gcc/arm-none-eabi/4.9.3/../../../arm-none-eabi/lib/armv7-m/libc_nano.a(lib_a-impure.o)
 .debug_line    0x000000000000324f      0x19e /usr/lib/gcc/arm-none-eabi/4.9.3/../../../arm-none-eabi/lib/armv7-m/libc_nano.a(lib_a-reent.o)
 .debug_line    0x00000000000033ed       0x58 /usr/lib/gcc/arm-none-eabi/4.9.3/../../../arm-none-eabi/lib/armv7-m/libnosys.a(sbrk.o)

.debug_str      0x0000000000000000     0x287c
 .debug_str     0x0000000000000000      0x568 Build/Obj/Debug/app.o
                                        0x5c7 (size before relaxing)
 .debug_str     0x0000000000000568      0x43b Build/Obj/Debug/appConfig.o
                                        0x93a (size before relaxing)
 .debug_str     0x00000000000009a3       0x51 Build/Obj/Debug/sysClk.o
                                        0x290 (size before relaxing)
 .debug_str     0x00000000000009f4      0x20e Build/Obj/Debug/pin_lpc1768.o
                                        0x58a (size before relaxing)
 .debug_str     0x0000000000000c02      0x318 Build/Obj/Debug/vectors_lpc1768.o
                                        0x494 (size before relaxing)
 .debug_str     0x0000000000000f1a      0x2d0 Build/Obj/Debug/sysClk_lpc1768.o
                                        0x53d (size before relaxing)
 .debug_str     0x00000000000011ea      0x398 Build/Obj/Debug/gpio_lpc1768.o
                                        0x89f (size before relaxing)
 .debug_str     0x0000000000001582       0xd9 Build/Obj/Debug/gpio.o
                                        0x6bf (size before relaxing)
 .debug_str     0x000000000000165b      0x773 Build/Obj/Debug/uart_lpc1768.o
                                        0xf0b (size before relaxing)
 .debug_str     0x0000000000001dce      0x139 Build/Obj/Debug/uart.o
                                        0x87f (size before relaxing)
 .debug_str     0x0000000000001f07       0xb2 Build/Obj/Debug/epcf_fifo.o
                                        0x291 (size before relaxing)
 .debug_str     0x0000000000001fb9       0xfc Build/Obj/Debug/epcf_string.o
                                        0x310 (size before relaxing)
 .debug_str     0x00000000000020b5      0x45b /usr/lib/gcc/arm-none-eabi/4.9.3/../../../arm-none-eabi/lib/armv7-m/libc_nano.a(lib_a-malloc.o)
                                        0x54f (size before relaxing)
 .debug_str     0x0000000000002510       0x90 /usr/lib/gcc/arm-none-eabi/4.9.3/../../../arm-none-eabi/lib/armv7-m/libc_nano.a(lib_a-nano-freer.o)
                                        0x593 (size before relaxing)
 .debug_str     0x00000000000025a0       0x50 /usr/lib/gcc/arm-none-eabi/4.9.3/../../../arm-none-eabi/lib/armv7-m/libc_nano.a(lib_a-nano-mallocr.o)
                                        0x5c8 (size before relaxing)
 .debug_str     0x00000000000025f0       0xa0 /usr/lib/gcc/arm-none-eabi/4.9.3/../../../arm-none-eabi/lib/armv7-m/libc_nano.a(lib_a-sbrkr.o)
                                        0x532 (size before relaxing)
 .debug_str     0x0000000000002690       0x8b /usr/lib/gcc/arm-none-eabi/4.9.3/../../../arm-none-eabi/lib/armv7-m/libc_nano.a(lib_a-impure.o)
                                        0x57a (size before relaxing)
 .debug_str     0x000000000000271b       0x58 /usr/lib/gcc/arm-none-eabi/4.9.3/../../../arm-none-eabi/lib/armv7-m/libc_nano.a(lib_a-reent.o)
                                        0x55a (size before relaxing)
 .debug_str     0x0000000000002773      0x109 /usr/lib/gcc/arm-none-eabi/4.9.3/../../../arm-none-eabi/lib/armv7-m/libnosys.a(sbrk.o)
                                        0x122 (size before relaxing)

.comment        0x0000000000000000       0x70
 .comment       0x0000000000000000       0x38 Build/Obj/Debug/app.o
                                         0x39 (size before relaxing)
 .comment       0x0000000000000038       0x39 Build/Obj/Debug/appConfig.o
 .comment       0x0000000000000038       0x39 Build/Obj/Debug/sysClk.o
 .comment       0x0000000000000038       0x39 Build/Obj/Debug/pin_lpc1768.o
 .comment       0x0000000000000038       0x39 Build/Obj/Debug/vectors_lpc1768.o
 .comment       0x0000000000000038       0x39 Build/Obj/Debug/sysClk_lpc1768.o
 .comment       0x0000000000000038       0x39 Build/Obj/Debug/gpio_lpc1768.o
 .comment       0x0000000000000038       0x39 Build/Obj/Debug/gpio.o
 .comment       0x0000000000000038       0x39 Build/Obj/Debug/uart_lpc1768.o
 .comment       0x0000000000000038       0x39 Build/Obj/Debug/uart.o
 .comment       0x0000000000000038       0x39 Build/Obj/Debug/epcf_fifo.o
 .comment       0x0000000000000038       0x39 Build/Obj/Debug/epcf_string.o
 .comment       0x0000000000000038       0x38 /usr/lib/gcc/arm-none-eabi/4.9.3/../../../arm-none-eabi/lib/armv7-m/libc_nano.a(lib_a-malloc.o)
                                         0x39 (size before relaxing)
 .comment       0x0000000000000070       0x39 /usr/lib/gcc/arm-none-eabi/4.9.3/../../../arm-none-eabi/lib/armv7-m/libc_nano.a(lib_a-nano-freer.o)
 .comment       0x0000000000000070       0x39 /usr/lib/gcc/arm-none-eabi/4.9.3/../../../arm-none-eabi/lib/armv7-m/libc_nano.a(lib_a-nano-mallocr.o)
 .comment       0x0000000000000070       0x39 /usr/lib/gcc/arm-none-eabi/4.9.3/../../../arm-none-eabi/lib/armv7-m/libc_nano.a(lib_a-sbrkr.o)
 .comment       0x0000000000000070       0x39 /usr/lib/gcc/arm-none-eabi/4.9.3/../../../arm-none-eabi/lib/armv7-m/libc_nano.a(lib_a-impure.o)
 .comment       0x0000000000000070       0x39 /usr/lib/gcc/arm-none-eabi/4.9.3/../../../arm-none-eabi/lib/armv7-m/libc_nano.a(lib_a-reent.o)
 .comment       0x0000000000000070       0x39 /usr/lib/gcc/arm-none-eabi/4.9.3/../../../arm-none-eabi/lib/armv7-m/libnosys.a(sbrk.o)

.ARM.attributes
                0x0000000000000000       0x33
 .ARM.attributes
                0x0000000000000000       0x33 Build/Obj/Debug/app.o
 .ARM.attributes
                0x0000000000000033       0x33 Build/Obj/Debug/appConfig.o
 .ARM.attributes
                0x0000000000000066       0x33 Build/Obj/Debug/sysClk.o
 .ARM.attributes
                0x0000000000000099       0x33 Build/Obj/Debug/pin_lpc1768.o
 .ARM.attributes
                0x00000000000000cc       0x33 Build/Obj/Debug/vectors_lpc1768.o
 .ARM.attributes
                0x00000000000000ff       0x33 Build/Obj/Debug/sysClk_lpc1768.o
 .ARM.attributes
                0x0000000000000132       0x33 Build/Obj/Debug/gpio_lpc1768.o
 .ARM.attributes
                0x0000000000000165       0x33 Build/Obj/Debug/gpio.o
 .ARM.attributes
                0x0000000000000198       0x33 Build/Obj/Debug/uart_lpc1768.o
 .ARM.attributes
                0x00000000000001cb       0x33 Build/Obj/Debug/uart.o
 .ARM.attributes
                0x00000000000001fe       0x33 Build/Obj/Debug/epcf_fifo.o
 .ARM.attributes
                0x0000000000000231       0x33 Build/Obj/Debug/epcf_string.o
 .ARM.attributes
                0x0000000000000264       0x1d /usr/lib/gcc/arm-none-eabi/4.9.3/armv7-m/libgcc.a(_arm_addsubdf3.o)
 .ARM.attributes
                0x0000000000000281       0x1d /usr/lib/gcc/arm-none-eabi/4.9.3/armv7-m/libgcc.a(_arm_muldivdf3.o)
 .ARM.attributes
                0x000000000000029e       0x1d /usr/lib/gcc/arm-none-eabi/4.9.3/armv7-m/libgcc.a(_arm_cmpdf2.o)
 .ARM.attributes
                0x00000000000002bb       0x1d /usr/lib/gcc/arm-none-eabi/4.9.3/armv7-m/libgcc.a(_arm_truncdfsf2.o)
 .ARM.attributes
                0x00000000000002d8       0x1d /usr/lib/gcc/arm-none-eabi/4.9.3/armv7-m/libgcc.a(_arm_addsubsf3.o)
 .ARM.attributes
                0x00000000000002f5       0x1d /usr/lib/gcc/arm-none-eabi/4.9.3/armv7-m/libgcc.a(_arm_muldivsf3.o)
 .ARM.attributes
                0x0000000000000312       0x1d /usr/lib/gcc/arm-none-eabi/4.9.3/armv7-m/libgcc.a(_arm_cmpsf2.o)
 .ARM.attributes
                0x000000000000032f       0x1d /usr/lib/gcc/arm-none-eabi/4.9.3/armv7-m/libgcc.a(_arm_fixsfsi.o)
 .ARM.attributes
                0x000000000000034c       0x1d /usr/lib/gcc/arm-none-eabi/4.9.3/armv7-m/libgcc.a(_arm_fixunssfsi.o)
 .ARM.attributes
                0x0000000000000369       0x2d /usr/lib/gcc/arm-none-eabi/4.9.3/../../../arm-none-eabi/lib/armv7-m/libc_nano.a(lib_a-malloc.o)
 .ARM.attributes
                0x0000000000000396       0x2d /usr/lib/gcc/arm-none-eabi/4.9.3/../../../arm-none-eabi/lib/armv7-m/libc_nano.a(lib_a-nano-freer.o)
 .ARM.attributes
                0x00000000000003c3       0x2d /usr/lib/gcc/arm-none-eabi/4.9.3/../../../arm-none-eabi/lib/armv7-m/libc_nano.a(lib_a-nano-mallocr.o)
 .ARM.attributes
                0x00000000000003f0       0x2d /usr/lib/gcc/arm-none-eabi/4.9.3/../../../arm-none-eabi/lib/armv7-m/libc_nano.a(lib_a-sbrkr.o)
 .ARM.attributes
                0x000000000000041d       0x2d /usr/lib/gcc/arm-none-eabi/4.9.3/../../../arm-none-eabi/lib/armv7-m/libc_nano.a(lib_a-impure.o)
 .ARM.attributes
                0x000000000000044a       0x2d /usr/lib/gcc/arm-none-eabi/4.9.3/../../../arm-none-eabi/lib/armv7-m/libc_nano.a(lib_a-reent.o)
 .ARM.attributes
                0x0000000000000477       0x2d /usr/lib/gcc/arm-none-eabi/4.9.3/../../../arm-none-eabi/lib/armv7-m/libnosys.a(sbrk.o)

.debug_frame    0x0000000000000000      0xd4c
 .debug_frame   0x0000000000000000       0x2c Build/Obj/Debug/app.o
 .debug_frame   0x000000000000002c       0x44 Build/Obj/Debug/appConfig.o
 .debug_frame   0x0000000000000070       0x2c Build/Obj/Debug/sysClk.o
 .debug_frame   0x000000000000009c       0x90 Build/Obj/Debug/pin_lpc1768.o
 .debug_frame   0x000000000000012c      0x2bc Build/Obj/Debug/vectors_lpc1768.o
 .debug_frame   0x00000000000003e8       0xc8 Build/Obj/Debug/sysClk_lpc1768.o
 .debug_frame   0x00000000000004b0      0x100 Build/Obj/Debug/gpio_lpc1768.o
 .debug_frame   0x00000000000005b0       0xd4 Build/Obj/Debug/gpio.o
 .debug_frame   0x0000000000000684      0x20c Build/Obj/Debug/uart_lpc1768.o
 .debug_frame   0x0000000000000890      0x168 Build/Obj/Debug/uart.o
 .debug_frame   0x00000000000009f8       0xd4 Build/Obj/Debug/epcf_fifo.o
 .debug_frame   0x0000000000000acc      0x150 Build/Obj/Debug/epcf_string.o
 .debug_frame   0x0000000000000c1c       0x30 /usr/lib/gcc/arm-none-eabi/4.9.3/../../../arm-none-eabi/lib/armv7-m/libc_nano.a(lib_a-malloc.o)
 .debug_frame   0x0000000000000c4c       0x2c /usr/lib/gcc/arm-none-eabi/4.9.3/../../../arm-none-eabi/lib/armv7-m/libc_nano.a(lib_a-nano-freer.o)
 .debug_frame   0x0000000000000c78       0x2c /usr/lib/gcc/arm-none-eabi/4.9.3/../../../arm-none-eabi/lib/armv7-m/libc_nano.a(lib_a-nano-mallocr.o)
 .debug_frame   0x0000000000000ca4       0x2c /usr/lib/gcc/arm-none-eabi/4.9.3/../../../arm-none-eabi/lib/armv7-m/libc_nano.a(lib_a-sbrkr.o)
 .debug_frame   0x0000000000000cd0       0x5c /usr/lib/gcc/arm-none-eabi/4.9.3/../../../arm-none-eabi/lib/armv7-m/libc_nano.a(lib_a-reent.o)
 .debug_frame   0x0000000000000d2c       0x20 /usr/lib/gcc/arm-none-eabi/4.9.3/../../../arm-none-eabi/lib/armv7-m/libnosys.a(sbrk.o)

.debug_ranges   0x0000000000000000       0xa0
 .debug_ranges  0x0000000000000000       0x18 /usr/lib/gcc/arm-none-eabi/4.9.3/../../../arm-none-eabi/lib/armv7-m/libc_nano.a(lib_a-malloc.o)
 .debug_ranges  0x0000000000000018       0x28 /usr/lib/gcc/arm-none-eabi/4.9.3/../../../arm-none-eabi/lib/armv7-m/libc_nano.a(lib_a-nano-freer.o)
 .debug_ranges  0x0000000000000040       0x28 /usr/lib/gcc/arm-none-eabi/4.9.3/../../../arm-none-eabi/lib/armv7-m/libc_nano.a(lib_a-nano-mallocr.o)
 .debug_ranges  0x0000000000000068       0x10 /usr/lib/gcc/arm-none-eabi/4.9.3/../../../arm-none-eabi/lib/armv7-m/libc_nano.a(lib_a-sbrkr.o)
 .debug_ranges  0x0000000000000078       0x18 /usr/lib/gcc/arm-none-eabi/4.9.3/../../../arm-none-eabi/lib/armv7-m/libc_nano.a(lib_a-reent.o)
 .debug_ranges  0x0000000000000090       0x10 /usr/lib/gcc/arm-none-eabi/4.9.3/../../../arm-none-eabi/lib/armv7-m/libnosys.a(sbrk.o)

Cross Reference Table

Symbol                                            File
ADC_IRQHandler                                    Build/Obj/Debug/vectors_lpc1768.o
BOD_IRQHandler                                    Build/Obj/Debug/vectors_lpc1768.o
BusFault_Handler                                  Build/Obj/Debug/vectors_lpc1768.o
CAN_IRQHandler                                    Build/Obj/Debug/vectors_lpc1768.o
DMA_IRQHandler                                    Build/Obj/Debug/vectors_lpc1768.o
DebugMon_Handler                                  Build/Obj/Debug/vectors_lpc1768.o
EINT0_IRQHandler                                  Build/Obj/Debug/vectors_lpc1768.o
EINT1_IRQHandler                                  Build/Obj/Debug/vectors_lpc1768.o
EINT2_IRQHandler                                  Build/Obj/Debug/vectors_lpc1768.o
EINT3_IRQHandler                                  Build/Obj/Debug/vectors_lpc1768.o
ENET_IRQHandler                                   Build/Obj/Debug/vectors_lpc1768.o
HardFault_Handler                                 Build/Obj/Debug/vectors_lpc1768.o
I2C0_IRQHandler                                   Build/Obj/Debug/vectors_lpc1768.o
I2C1_IRQHandler                                   Build/Obj/Debug/vectors_lpc1768.o
I2C2_IRQHandler                                   Build/Obj/Debug/vectors_lpc1768.o
I2S_IRQHandler                                    Build/Obj/Debug/vectors_lpc1768.o
LED                                               Build/Obj/Debug/appConfig.o
                                                  Build/Obj/Debug/app.o
LED_Config                                        Build/Obj/Debug/appConfig.o
MCPWM_IRQHandler                                  Build/Obj/Debug/vectors_lpc1768.o
MemManage_Handler                                 Build/Obj/Debug/vectors_lpc1768.o
NMI_Handler                                       Build/Obj/Debug/vectors_lpc1768.o
PLL0_IRQHandler                                   Build/Obj/Debug/vectors_lpc1768.o
PWM_IRQHandler                                    Build/Obj/Debug/vectors_lpc1768.o
PendSV_Handler                                    Build/Obj/Debug/vectors_lpc1768.o
QEI_IRQHandler                                    Build/Obj/Debug/vectors_lpc1768.o
RIT_IRQHandler                                    Build/Obj/Debug/vectors_lpc1768.o
RTC_IRQHandler                                    Build/Obj/Debug/vectors_lpc1768.o
ResetHandler                                      Build/Obj/Debug/vectors_lpc1768.o
SPI_IRQHandler                                    Build/Obj/Debug/vectors_lpc1768.o
SSP0_IRQHandler                                   Build/Obj/Debug/vectors_lpc1768.o
SSP1_IRQHandler                                   Build/Obj/Debug/vectors_lpc1768.o
SVC_Handler                                       Build/Obj/Debug/vectors_lpc1768.o
Switch                                            Build/Obj/Debug/appConfig.o
Switch_Config                                     Build/Obj/Debug/appConfig.o
SysTick_Handler                                   Build/Obj/Debug/vectors_lpc1768.o
TIMER0_IRQHandler                                 Build/Obj/Debug/vectors_lpc1768.o
TIMER1_IRQHandler                                 Build/Obj/Debug/vectors_lpc1768.o
TIMER2_IRQHandler                                 Build/Obj/Debug/vectors_lpc1768.o
TIMER3_IRQHandler                                 Build/Obj/Debug/vectors_lpc1768.o
UART0_IRQHandler                                  Build/Obj/Debug/uart_lpc1768.o
                                                  Build/Obj/Debug/vectors_lpc1768.o
UART1_IRQHandler                                  Build/Obj/Debug/uart_lpc1768.o
                                                  Build/Obj/Debug/vectors_lpc1768.o
UART2_IRQHandler                                  Build/Obj/Debug/uart_lpc1768.o
                                                  Build/Obj/Debug/vectors_lpc1768.o
UART3_IRQHandler                                  Build/Obj/Debug/uart_lpc1768.o
                                                  Build/Obj/Debug/vectors_lpc1768.o
USB_IRQHandler                                    Build/Obj/Debug/vectors_lpc1768.o
UsageFault_Handler                                Build/Obj/Debug/vectors_lpc1768.o
WDT_IRQHandler                                    Build/Obj/Debug/vectors_lpc1768.o
__adddf3                                          /usr/lib/gcc/arm-none-eabi/4.9.3/armv7-m/libgcc.a(_arm_addsubdf3.o)
__addsf3                                          /usr/lib/gcc/arm-none-eabi/4.9.3/armv7-m/libgcc.a(_arm_addsubsf3.o)
__aeabi_cdcmpeq                                   /usr/lib/gcc/arm-none-eabi/4.9.3/armv7-m/libgcc.a(_arm_cmpdf2.o)
__aeabi_cdcmple                                   /usr/lib/gcc/arm-none-eabi/4.9.3/armv7-m/libgcc.a(_arm_cmpdf2.o)
__aeabi_cdrcmple                                  /usr/lib/gcc/arm-none-eabi/4.9.3/armv7-m/libgcc.a(_arm_cmpdf2.o)
__aeabi_cfcmpeq                                   /usr/lib/gcc/arm-none-eabi/4.9.3/armv7-m/libgcc.a(_arm_cmpsf2.o)
__aeabi_cfcmple                                   /usr/lib/gcc/arm-none-eabi/4.9.3/armv7-m/libgcc.a(_arm_cmpsf2.o)
__aeabi_cfrcmple                                  /usr/lib/gcc/arm-none-eabi/4.9.3/armv7-m/libgcc.a(_arm_cmpsf2.o)
__aeabi_d2f                                       /usr/lib/gcc/arm-none-eabi/4.9.3/armv7-m/libgcc.a(_arm_truncdfsf2.o)
                                                  Build/Obj/Debug/epcf_string.o
                                                  Build/Obj/Debug/uart_lpc1768.o
__aeabi_dadd                                      /usr/lib/gcc/arm-none-eabi/4.9.3/armv7-m/libgcc.a(_arm_addsubdf3.o)
                                                  Build/Obj/Debug/epcf_string.o
                                                  Build/Obj/Debug/uart_lpc1768.o
__aeabi_dcmpeq                                    /usr/lib/gcc/arm-none-eabi/4.9.3/armv7-m/libgcc.a(_arm_cmpdf2.o)
__aeabi_dcmpge                                    /usr/lib/gcc/arm-none-eabi/4.9.3/armv7-m/libgcc.a(_arm_cmpdf2.o)
                                                  Build/Obj/Debug/uart_lpc1768.o
__aeabi_dcmpgt                                    /usr/lib/gcc/arm-none-eabi/4.9.3/armv7-m/libgcc.a(_arm_cmpdf2.o)
__aeabi_dcmple                                    /usr/lib/gcc/arm-none-eabi/4.9.3/armv7-m/libgcc.a(_arm_cmpdf2.o)
                                                  Build/Obj/Debug/uart_lpc1768.o
__aeabi_dcmplt                                    /usr/lib/gcc/arm-none-eabi/4.9.3/armv7-m/libgcc.a(_arm_cmpdf2.o)
__aeabi_ddiv                                      /usr/lib/gcc/arm-none-eabi/4.9.3/armv7-m/libgcc.a(_arm_muldivdf3.o)
__aeabi_dmul                                      /usr/lib/gcc/arm-none-eabi/4.9.3/armv7-m/libgcc.a(_arm_muldivdf3.o)
                                                  Build/Obj/Debug/epcf_string.o
__aeabi_drsub                                     /usr/lib/gcc/arm-none-eabi/4.9.3/armv7-m/libgcc.a(_arm_addsubdf3.o)
__aeabi_dsub                                      /usr/lib/gcc/arm-none-eabi/4.9.3/armv7-m/libgcc.a(_arm_addsubdf3.o)
                                                  Build/Obj/Debug/uart_lpc1768.o
__aeabi_f2d                                       /usr/lib/gcc/arm-none-eabi/4.9.3/armv7-m/libgcc.a(_arm_addsubdf3.o)
                                                  Build/Obj/Debug/epcf_string.o
                                                  Build/Obj/Debug/uart_lpc1768.o
__aeabi_f2iz                                      /usr/lib/gcc/arm-none-eabi/4.9.3/armv7-m/libgcc.a(_arm_fixsfsi.o)
                                                  Build/Obj/Debug/epcf_string.o
__aeabi_f2uiz                                     /usr/lib/gcc/arm-none-eabi/4.9.3/armv7-m/libgcc.a(_arm_fixunssfsi.o)
                                                  Build/Obj/Debug/uart_lpc1768.o
__aeabi_fadd                                      /usr/lib/gcc/arm-none-eabi/4.9.3/armv7-m/libgcc.a(_arm_addsubsf3.o)
                                                  Build/Obj/Debug/epcf_string.o
__aeabi_fcmpeq                                    /usr/lib/gcc/arm-none-eabi/4.9.3/armv7-m/libgcc.a(_arm_cmpsf2.o)
                                                  Build/Obj/Debug/epcf_string.o
__aeabi_fcmpge                                    /usr/lib/gcc/arm-none-eabi/4.9.3/armv7-m/libgcc.a(_arm_cmpsf2.o)
                                                  Build/Obj/Debug/epcf_string.o
                                                  Build/Obj/Debug/uart_lpc1768.o
__aeabi_fcmpgt                                    /usr/lib/gcc/arm-none-eabi/4.9.3/armv7-m/libgcc.a(_arm_cmpsf2.o)
__aeabi_fcmple                                    /usr/lib/gcc/arm-none-eabi/4.9.3/armv7-m/libgcc.a(_arm_cmpsf2.o)
                                                  Build/Obj/Debug/uart_lpc1768.o
__aeabi_fcmplt                                    /usr/lib/gcc/arm-none-eabi/4.9.3/armv7-m/libgcc.a(_arm_cmpsf2.o)
                                                  Build/Obj/Debug/epcf_string.o
__aeabi_fdiv                                      /usr/lib/gcc/arm-none-eabi/4.9.3/armv7-m/libgcc.a(_arm_muldivsf3.o)
                                                  Build/Obj/Debug/epcf_string.o
                                                  Build/Obj/Debug/uart_lpc1768.o
__aeabi_fmul                                      /usr/lib/gcc/arm-none-eabi/4.9.3/armv7-m/libgcc.a(_arm_muldivsf3.o)
                                                  Build/Obj/Debug/epcf_string.o
                                                  Build/Obj/Debug/uart_lpc1768.o
__aeabi_frsub                                     /usr/lib/gcc/arm-none-eabi/4.9.3/armv7-m/libgcc.a(_arm_addsubsf3.o)
__aeabi_fsub                                      /usr/lib/gcc/arm-none-eabi/4.9.3/armv7-m/libgcc.a(_arm_addsubsf3.o)
                                                  Build/Obj/Debug/epcf_string.o
                                                  Build/Obj/Debug/uart_lpc1768.o
__aeabi_i2d                                       /usr/lib/gcc/arm-none-eabi/4.9.3/armv7-m/libgcc.a(_arm_addsubdf3.o)
__aeabi_i2f                                       /usr/lib/gcc/arm-none-eabi/4.9.3/armv7-m/libgcc.a(_arm_addsubsf3.o)
                                                  Build/Obj/Debug/epcf_string.o
__aeabi_l2d                                       /usr/lib/gcc/arm-none-eabi/4.9.3/armv7-m/libgcc.a(_arm_addsubdf3.o)
__aeabi_l2f                                       /usr/lib/gcc/arm-none-eabi/4.9.3/armv7-m/libgcc.a(_arm_addsubsf3.o)
__aeabi_ui2d                                      /usr/lib/gcc/arm-none-eabi/4.9.3/armv7-m/libgcc.a(_arm_addsubdf3.o)
__aeabi_ui2f                                      /usr/lib/gcc/arm-none-eabi/4.9.3/armv7-m/libgcc.a(_arm_addsubsf3.o)
                                                  Build/Obj/Debug/uart_lpc1768.o
__aeabi_ul2d                                      /usr/lib/gcc/arm-none-eabi/4.9.3/armv7-m/libgcc.a(_arm_addsubdf3.o)
__aeabi_ul2f                                      /usr/lib/gcc/arm-none-eabi/4.9.3/armv7-m/libgcc.a(_arm_addsubsf3.o)
__cmpdf2                                          /usr/lib/gcc/arm-none-eabi/4.9.3/armv7-m/libgcc.a(_arm_cmpdf2.o)
__cmpsf2                                          /usr/lib/gcc/arm-none-eabi/4.9.3/armv7-m/libgcc.a(_arm_cmpsf2.o)
__divdf3                                          /usr/lib/gcc/arm-none-eabi/4.9.3/armv7-m/libgcc.a(_arm_muldivdf3.o)
__divsf3                                          /usr/lib/gcc/arm-none-eabi/4.9.3/armv7-m/libgcc.a(_arm_muldivsf3.o)
__eqdf2                                           /usr/lib/gcc/arm-none-eabi/4.9.3/armv7-m/libgcc.a(_arm_cmpdf2.o)
__eqsf2                                           /usr/lib/gcc/arm-none-eabi/4.9.3/armv7-m/libgcc.a(_arm_cmpsf2.o)
__extendsfdf2                                     /usr/lib/gcc/arm-none-eabi/4.9.3/armv7-m/libgcc.a(_arm_addsubdf3.o)
__fixsfsi                                         /usr/lib/gcc/arm-none-eabi/4.9.3/armv7-m/libgcc.a(_arm_fixsfsi.o)
__fixunssfsi                                      /usr/lib/gcc/arm-none-eabi/4.9.3/armv7-m/libgcc.a(_arm_fixunssfsi.o)
__floatdidf                                       /usr/lib/gcc/arm-none-eabi/4.9.3/armv7-m/libgcc.a(_arm_addsubdf3.o)
__floatdisf                                       /usr/lib/gcc/arm-none-eabi/4.9.3/armv7-m/libgcc.a(_arm_addsubsf3.o)
__floatsidf                                       /usr/lib/gcc/arm-none-eabi/4.9.3/armv7-m/libgcc.a(_arm_addsubdf3.o)
__floatsisf                                       /usr/lib/gcc/arm-none-eabi/4.9.3/armv7-m/libgcc.a(_arm_addsubsf3.o)
__floatundidf                                     /usr/lib/gcc/arm-none-eabi/4.9.3/armv7-m/libgcc.a(_arm_addsubdf3.o)
__floatundisf                                     /usr/lib/gcc/arm-none-eabi/4.9.3/armv7-m/libgcc.a(_arm_addsubsf3.o)
__floatunsidf                                     /usr/lib/gcc/arm-none-eabi/4.9.3/armv7-m/libgcc.a(_arm_addsubdf3.o)
__floatunsisf                                     /usr/lib/gcc/arm-none-eabi/4.9.3/armv7-m/libgcc.a(_arm_addsubsf3.o)
__gedf2                                           /usr/lib/gcc/arm-none-eabi/4.9.3/armv7-m/libgcc.a(_arm_cmpdf2.o)
__gesf2                                           /usr/lib/gcc/arm-none-eabi/4.9.3/armv7-m/libgcc.a(_arm_cmpsf2.o)
__gtdf2                                           /usr/lib/gcc/arm-none-eabi/4.9.3/armv7-m/libgcc.a(_arm_cmpdf2.o)
__gtsf2                                           /usr/lib/gcc/arm-none-eabi/4.9.3/armv7-m/libgcc.a(_arm_cmpsf2.o)
__ledf2                                           /usr/lib/gcc/arm-none-eabi/4.9.3/armv7-m/libgcc.a(_arm_cmpdf2.o)
__lesf2                                           /usr/lib/gcc/arm-none-eabi/4.9.3/armv7-m/libgcc.a(_arm_cmpsf2.o)
__ltdf2                                           /usr/lib/gcc/arm-none-eabi/4.9.3/armv7-m/libgcc.a(_arm_cmpdf2.o)
__ltsf2                                           /usr/lib/gcc/arm-none-eabi/4.9.3/armv7-m/libgcc.a(_arm_cmpsf2.o)
__malloc_free_list                                /usr/lib/gcc/arm-none-eabi/4.9.3/../../../arm-none-eabi/lib/armv7-m/libc_nano.a(lib_a-nano-mallocr.o)
                                                  /usr/lib/gcc/arm-none-eabi/4.9.3/../../../arm-none-eabi/lib/armv7-m/libc_nano.a(lib_a-nano-freer.o)
__malloc_sbrk_start                               /usr/lib/gcc/arm-none-eabi/4.9.3/../../../arm-none-eabi/lib/armv7-m/libc_nano.a(lib_a-nano-mallocr.o)
__muldf3                                          /usr/lib/gcc/arm-none-eabi/4.9.3/armv7-m/libgcc.a(_arm_muldivdf3.o)
__mulsf3                                          /usr/lib/gcc/arm-none-eabi/4.9.3/armv7-m/libgcc.a(_arm_muldivsf3.o)
__nedf2                                           /usr/lib/gcc/arm-none-eabi/4.9.3/armv7-m/libgcc.a(_arm_cmpdf2.o)
__nesf2                                           /usr/lib/gcc/arm-none-eabi/4.9.3/armv7-m/libgcc.a(_arm_cmpsf2.o)
__sf_fake_stderr                                  /usr/lib/gcc/arm-none-eabi/4.9.3/../../../arm-none-eabi/lib/armv7-m/libc_nano.a(lib_a-impure.o)
__sf_fake_stdin                                   /usr/lib/gcc/arm-none-eabi/4.9.3/../../../arm-none-eabi/lib/armv7-m/libc_nano.a(lib_a-impure.o)
__sf_fake_stdout                                  /usr/lib/gcc/arm-none-eabi/4.9.3/../../../arm-none-eabi/lib/armv7-m/libc_nano.a(lib_a-impure.o)
__subdf3                                          /usr/lib/gcc/arm-none-eabi/4.9.3/armv7-m/libgcc.a(_arm_addsubdf3.o)
__subsf3                                          /usr/lib/gcc/arm-none-eabi/4.9.3/armv7-m/libgcc.a(_arm_addsubsf3.o)
__truncdfsf2                                      /usr/lib/gcc/arm-none-eabi/4.9.3/armv7-m/libgcc.a(_arm_truncdfsf2.o)
_ebss                                             Build/Obj/Debug/vectors_lpc1768.o
_edata                                            Build/Obj/Debug/vectors_lpc1768.o
_estack                                           Build/Obj/Debug/vectors_lpc1768.o
_etext                                            Build/Obj/Debug/vectors_lpc1768.o
_free_r                                           /usr/lib/gcc/arm-none-eabi/4.9.3/../../../arm-none-eabi/lib/armv7-m/libc_nano.a(lib_a-nano-freer.o)
                                                  /usr/lib/gcc/arm-none-eabi/4.9.3/../../../arm-none-eabi/lib/armv7-m/libc_nano.a(lib_a-reent.o)
                                                  /usr/lib/gcc/arm-none-eabi/4.9.3/../../../arm-none-eabi/lib/armv7-m/libc_nano.a(lib_a-malloc.o)
_global_impure_ptr                                /usr/lib/gcc/arm-none-eabi/4.9.3/../../../arm-none-eabi/lib/armv7-m/libc_nano.a(lib_a-impure.o)
_impure_ptr                                       /usr/lib/gcc/arm-none-eabi/4.9.3/../../../arm-none-eabi/lib/armv7-m/libc_nano.a(lib_a-impure.o)
                                                  /usr/lib/gcc/arm-none-eabi/4.9.3/../../../arm-none-eabi/lib/armv7-m/libc_nano.a(lib_a-reent.o)
                                                  /usr/lib/gcc/arm-none-eabi/4.9.3/../../../arm-none-eabi/lib/armv7-m/libc_nano.a(lib_a-malloc.o)
_malloc_r                                         /usr/lib/gcc/arm-none-eabi/4.9.3/../../../arm-none-eabi/lib/armv7-m/libc_nano.a(lib_a-nano-mallocr.o)
                                                  /usr/lib/gcc/arm-none-eabi/4.9.3/../../../arm-none-eabi/lib/armv7-m/libc_nano.a(lib_a-malloc.o)
_reclaim_reent                                    /usr/lib/gcc/arm-none-eabi/4.9.3/../../../arm-none-eabi/lib/armv7-m/libc_nano.a(lib_a-reent.o)
_sbrk                                             /usr/lib/gcc/arm-none-eabi/4.9.3/../../../arm-none-eabi/lib/armv7-m/libnosys.a(sbrk.o)
                                                  /usr/lib/gcc/arm-none-eabi/4.9.3/../../../arm-none-eabi/lib/armv7-m/libc_nano.a(lib_a-sbrkr.o)
_sbrk_r                                           /usr/lib/gcc/arm-none-eabi/4.9.3/../../../arm-none-eabi/lib/armv7-m/libc_nano.a(lib_a-sbrkr.o)
                                                  /usr/lib/gcc/arm-none-eabi/4.9.3/../../../arm-none-eabi/lib/armv7-m/libc_nano.a(lib_a-nano-mallocr.o)
_sbss                                             Build/Obj/Debug/vectors_lpc1768.o
_sdata                                            Build/Obj/Debug/vectors_lpc1768.o
_stext                                            Build/Obj/Debug/vectors_lpc1768.o
_uart_AltFunction                                 Build/Obj/Debug/uart_lpc1768.o
appInit                                           Build/Obj/Debug/appConfig.o
                                                  Build/Obj/Debug/app.o
cleanup_glue                                      /usr/lib/gcc/arm-none-eabi/4.9.3/../../../arm-none-eabi/lib/armv7-m/libc_nano.a(lib_a-reent.o)
delay                                             Build/Obj/Debug/appConfig.o
end                                               /usr/lib/gcc/arm-none-eabi/4.9.3/../../../arm-none-eabi/lib/armv7-m/libnosys.a(sbrk.o)
epcfCreateSysClk                                  Build/Obj/Debug/sysClk.o
                                                  Build/Obj/Debug/appConfig.o
epcfNativeCreateSysClk                            Build/Obj/Debug/sysClk_lpc1768.o
                                                  Build/Obj/Debug/sysClk.o
epcfNativeSysGetCpuClock                          Build/Obj/Debug/sysClk_lpc1768.o
epcfNativeSysGetPclk                              Build/Obj/Debug/sysClk_lpc1768.o
                                                  Build/Obj/Debug/uart_lpc1768.o
epcfNativeSysSetPclkDiv                           Build/Obj/Debug/sysClk_lpc1768.o
                                                  Build/Obj/Debug/uart_lpc1768.o
epcfPinInit                                       Build/Obj/Debug/pin_lpc1768.o
                                                  Build/Obj/Debug/uart_lpc1768.o
                                                  Build/Obj/Debug/gpio_lpc1768.o
epcf_gpio_clear                                   Build/Obj/Debug/gpio.o
                                                  Build/Obj/Debug/app.o
epcf_gpio_createNative                            Build/Obj/Debug/gpio.o
                                                  Build/Obj/Debug/appConfig.o
epcf_gpio_extGetDeviceCount                       Build/Obj/Debug/gpio.o
epcf_gpio_getDeviceCount                          Build/Obj/Debug/gpio.o
epcf_gpio_nativeClear                             Build/Obj/Debug/gpio_lpc1768.o
                                                  Build/Obj/Debug/gpio.o
epcf_gpio_nativeGetDeviceCount                    Build/Obj/Debug/gpio_lpc1768.o
                                                  Build/Obj/Debug/gpio.o
epcf_gpio_nativeInit                              Build/Obj/Debug/gpio_lpc1768.o
                                                  Build/Obj/Debug/gpio.o
epcf_gpio_nativeIntAttachCallback                 Build/Obj/Debug/gpio_lpc1768.o
epcf_gpio_nativeIntDetachCallback                 Build/Obj/Debug/gpio_lpc1768.o
epcf_gpio_nativeIntDisable                        Build/Obj/Debug/gpio_lpc1768.o
epcf_gpio_nativeIntEnable                         Build/Obj/Debug/gpio_lpc1768.o
epcf_gpio_nativeRead                              Build/Obj/Debug/gpio_lpc1768.o
                                                  Build/Obj/Debug/gpio.o
epcf_gpio_nativeSet                               Build/Obj/Debug/gpio_lpc1768.o
                                                  Build/Obj/Debug/gpio.o
epcf_gpio_nativeSetDirection                      Build/Obj/Debug/gpio_lpc1768.o
                                                  Build/Obj/Debug/gpio.o
epcf_gpio_read                                    Build/Obj/Debug/gpio.o
epcf_gpio_set                                     Build/Obj/Debug/gpio.o
                                                  Build/Obj/Debug/app.o
epcf_gpio_setDirection                            Build/Obj/Debug/gpio.o
epcf_uart_close                                   Build/Obj/Debug/uart.o
epcf_uart_createNative                            Build/Obj/Debug/uart.o
                                                  Build/Obj/Debug/appConfig.o
epcf_uart_extGetDeviceCount                       Build/Obj/Debug/uart.o
epcf_uart_getDeviceCount                          Build/Obj/Debug/uart.o
epcf_uart_getRxBufferCount                        Build/Obj/Debug/uart.o
epcf_uart_getTxBufferCount                        Build/Obj/Debug/uart.o
                                                  Build/Obj/Debug/uart_lpc1768.o
epcf_uart_nativeClose                             Build/Obj/Debug/uart_lpc1768.o
                                                  Build/Obj/Debug/uart.o
epcf_uart_nativeGetDeviceCount                    Build/Obj/Debug/uart_lpc1768.o
                                                  Build/Obj/Debug/uart.o
epcf_uart_nativeGetRxBufferCount                  Build/Obj/Debug/uart_lpc1768.o
                                                  Build/Obj/Debug/uart.o
epcf_uart_nativeGetTxBufferCount                  Build/Obj/Debug/uart_lpc1768.o
                                                  Build/Obj/Debug/uart.o
epcf_uart_nativeInit                              Build/Obj/Debug/uart_lpc1768.o
                                                  Build/Obj/Debug/uart.o
epcf_uart_nativeRead                              Build/Obj/Debug/uart_lpc1768.o
                                                  Build/Obj/Debug/uart.o
epcf_uart_nativeRxBufferFlush                     Build/Obj/Debug/uart_lpc1768.o
                                                  Build/Obj/Debug/uart.o
epcf_uart_nativeTxBufferFlush                     Build/Obj/Debug/uart_lpc1768.o
                                                  Build/Obj/Debug/uart.o
epcf_uart_nativeWrite                             Build/Obj/Debug/uart_lpc1768.o
                                                  Build/Obj/Debug/uart.o
epcf_uart_nativeWriteString                       Build/Obj/Debug/uart_lpc1768.o
                                                  Build/Obj/Debug/uart.o
epcf_uart_read                                    Build/Obj/Debug/uart.o
epcf_uart_rxBufferFlush                           Build/Obj/Debug/uart.o
epcf_uart_txBufferFlush                           Build/Obj/Debug/uart.o
epcf_uart_write                                   Build/Obj/Debug/uart.o
                                                  Build/Obj/Debug/app.o
epcf_uart_writeString                             Build/Obj/Debug/uart.o
errno                                             /usr/lib/gcc/arm-none-eabi/4.9.3/../../../arm-none-eabi/lib/armv7-m/libc_nano.a(lib_a-reent.o)
                                                  /usr/lib/gcc/arm-none-eabi/4.9.3/../../../arm-none-eabi/lib/armv7-m/libc_nano.a(lib_a-sbrkr.o)
free                                              /usr/lib/gcc/arm-none-eabi/4.9.3/../../../arm-none-eabi/lib/armv7-m/libc_nano.a(lib_a-malloc.o)
gVectors                                          Build/Obj/Debug/vectors_lpc1768.o
irq_num                                           Build/Obj/Debug/uart_lpc1768.o
main                                              Build/Obj/Debug/app.o
                                                  Build/Obj/Debug/vectors_lpc1768.o
malloc                                            /usr/lib/gcc/arm-none-eabi/4.9.3/../../../arm-none-eabi/lib/armv7-m/libc_nano.a(lib_a-malloc.o)
                                                  Build/Obj/Debug/epcf_fifo.o
                                                  Build/Obj/Debug/uart.o
                                                  Build/Obj/Debug/uart_lpc1768.o
                                                  Build/Obj/Debug/gpio.o
                                                  Build/Obj/Debug/sysClk_lpc1768.o
myClock                                           Build/Obj/Debug/appConfig.o
myClockCfg                                        Build/Obj/Debug/appConfig.o
myGpio                                            Build/Obj/Debug/appConfig.o
                                                  Build/Obj/Debug/app.o
myGpioCfg                                         Build/Obj/Debug/appConfig.o
myLED                                             Build/Obj/Debug/appConfig.o
                                                  Build/Obj/Debug/app.o
myLED_Config                                      Build/Obj/Debug/appConfig.o
myUART                                            Build/Obj/Debug/appConfig.o
                                                  Build/Obj/Debug/app.o
pcfAtoF                                           Build/Obj/Debug/epcf_string.o
pcfAtoI                                           Build/Obj/Debug/epcf_string.o
pcfFifoCount                                      Build/Obj/Debug/epcf_fifo.o
                                                  Build/Obj/Debug/uart_lpc1768.o
pcfFifoFlush                                      Build/Obj/Debug/epcf_fifo.o
                                                  Build/Obj/Debug/uart_lpc1768.o
pcfFifoInit                                       Build/Obj/Debug/epcf_fifo.o
                                                  Build/Obj/Debug/uart_lpc1768.o
pcfFifoIsEmpty                                    Build/Obj/Debug/epcf_fifo.o
                                                  Build/Obj/Debug/uart_lpc1768.o
pcfFifoIsFull                                     Build/Obj/Debug/epcf_fifo.o
pcfFifoLength                                     Build/Obj/Debug/epcf_fifo.o
pcfFifoPop                                        Build/Obj/Debug/epcf_fifo.o
                                                  Build/Obj/Debug/uart_lpc1768.o
pcfFifoPush                                       Build/Obj/Debug/epcf_fifo.o
                                                  Build/Obj/Debug/uart_lpc1768.o
pcfFtoA                                           Build/Obj/Debug/epcf_string.o
pcfItoA                                           Build/Obj/Debug/epcf_string.o
pcfMemCompare                                     Build/Obj/Debug/epcf_string.o
pcfMemCopy                                        Build/Obj/Debug/epcf_string.o
pcfMemSet                                         Build/Obj/Debug/epcf_string.o
                                                  Build/Obj/Debug/uart_lpc1768.o
pcfStrCat                                         Build/Obj/Debug/epcf_string.o
pcfStrCopy                                        Build/Obj/Debug/epcf_string.o
pcfStrLen                                         Build/Obj/Debug/epcf_string.o
                                                  Build/Obj/Debug/uart_lpc1768.o
pcfStrReverse                                     Build/Obj/Debug/epcf_string.o
pcfStringTokenize                                 Build/Obj/Debug/epcf_string.o
pdiv_clk_uart_ch                                  Build/Obj/Debug/uart_lpc1768.o
pwr_uart_ch                                       Build/Obj/Debug/uart_lpc1768.o
uartHWCfg                                         Build/Obj/Debug/appConfig.o
uart_Config                                       Build/Obj/Debug/appConfig.o
                                                  Build/Obj/Debug/app.o
uart_channel_addr                                 Build/Obj/Debug/uart_lpc1768.o
